<html>
<body>
<pre>
<h1>µVision Build Log</h1>
<h2>Project:</h2>
C:\Users\SUMAKAR\Documents\RtOs\Semaphore_Binary\Binary.uvproj
Project File Date:  06/23/2016

<h2>Output:</h2>
Build target 'Target 1'
compiling main.c...
main.c(225): warning:  #223-D: function "Led_init" declared implicitly
main.c(298): warning:  #1-D: last line of file ends without a newline
linking...
Binary.axf: Error: L6218E: Undefined symbol Led_init (referred from main.o).
Target not created
Build target 'Target 1'
compiling main.c...
main.c(225): warning:  #223-D: function "Led_init" declared implicitly
main.c(298): warning:  #1-D: last line of file ends without a newline
linking...
Binary.axf: Error: L6218E: Undefined symbol Led_init (referred from main.o).
Target not created
Build target 'Target 1'
compiling main.c...
main.c(298): warning:  #1-D: last line of file ends without a newline
linking...
Program Size: Code=13612 RO-data=32 RW-data=100 ZI-data=15276  
FromELF: creating hex file...
"Binary.axf" - 0 Error(s), 1 Warning(s).
Build target 'Target 1'
compiling main.c...
main.c(373): warning:  #1-D: last line of file ends without a newline
linking...
Program Size: Code=13612 RO-data=32 RW-data=100 ZI-data=15276  
FromELF: creating hex file...
"Binary.axf" - 0 Error(s), 1 Warning(s).
Build target 'Target 1'
compiling main.c...
main.c(373): warning:  #1-D: last line of file ends without a newline
linking...
Program Size: Code=13636 RO-data=32 RW-data=100 ZI-data=15276  
FromELF: creating hex file...
"Binary.axf" - 0 Error(s), 1 Warning(s).
Build target 'Target 1'
compiling main.c...
main.c(373): warning:  #1-D: last line of file ends without a newline
linking...
Program Size: Code=13612 RO-data=32 RW-data=100 ZI-data=15276  
FromELF: creating hex file...
"Binary.axf" - 0 Error(s), 1 Warning(s).
Build target 'Target 1'
compiling main.c...
main.c(374): warning:  #1-D: last line of file ends without a newline
linking...
Program Size: Code=13640 RO-data=32 RW-data=100 ZI-data=15276  
FromELF: creating hex file...
"Binary.axf" - 0 Error(s), 1 Warning(s).
Build target 'Target 1'
compiling main.c...
main.c(374): warning:  #1-D: last line of file ends without a newline
linking...
Program Size: Code=13632 RO-data=32 RW-data=100 ZI-data=15276  
FromELF: creating hex file...
"Binary.axf" - 0 Error(s), 1 Warning(s).
Build target 'Target 1'
compiling main.c...
main.c(376): warning:  #1-D: last line of file ends without a newline
linking...
Program Size: Code=13648 RO-data=32 RW-data=100 ZI-data=15276  
FromELF: creating hex file...
"Binary.axf" - 0 Error(s), 1 Warning(s).
Build target 'Target 1'
compiling main.c...
main.c(376): warning:  #1-D: last line of file ends without a newline
linking...
Program Size: Code=13656 RO-data=32 RW-data=100 ZI-data=15276  
FromELF: creating hex file...
"Binary.axf" - 0 Error(s), 1 Warning(s).
Build target 'Target 1'
compiling main.c...
main.c(376): warning:  #1-D: last line of file ends without a newline
linking...
Program Size: Code=13656 RO-data=32 RW-data=100 ZI-data=15276  
FromELF: creating hex file...
"Binary.axf" - 0 Error(s), 1 Warning(s).
