<html>
<body>
<pre>
<h1>µVision Build Log</h1>
<h2>Project:</h2>
C:\Users\SUMAKAR\Documents\RtOs\SP1\SP1.uvproj
Project File Date:  07/11/2016

<h2>Output:</h2>
Build target 'Target 1'
assembling Startup.s...
linking...
SP1.axf: Warning: L6665W: Neither Lib$$Request$$armlib Lib$$Request$$cpplib defined, not searching ARM libraries.
SP1.axf: Error: L6411W: No compatible library exists with a definition of startup symbol __main.
Target not created
Build target 'Target 1'
assembling Startup.s...
linking...
SP1.axf: Warning: L6665W: Neither Lib$$Request$$armlib Lib$$Request$$cpplib defined, not searching ARM libraries.
SP1.axf: Error: L6411W: No compatible library exists with a definition of startup symbol __main.
Target not created
Build target 'Target 1'
assembling Startup.s...
compiling main.c...
linking...
Program Size: Code=1900 RO-data=32 RW-data=4 ZI-data=1260  
FromELF: creating hex file...
"SP1.axf" - 0 Error(s), 0 Warning(s).
Build target 'Target 1'
compiling main.c...
main.c(191): error:  #20: identifier "SPI1_SLAVE_SELECT" is undefined
compiling spi.c...
spi.c(22): warning:  #550-D: variable "Dummy" was set but never used
spi.c(47): warning:  #550-D: variable "Dummy" was set but never used
spi.c(95): warning:  #550-D: variable "Dummy" was set but never used
Target not created
Build target 'Target 1'
assembling Startup.s...
compiling main.c...
compiling spi.c...
spi.c(22): warning:  #550-D: variable "Dummy" was set but never used
spi.c(47): warning:  #550-D: variable "Dummy" was set but never used
spi.c(95): warning:  #550-D: variable "Dummy" was set but never used
linking...
Program Size: Code=2608 RO-data=32 RW-data=4 ZI-data=1260  
FromELF: creating hex file...
"SP1.axf" - 0 Error(s), 3 Warning(s).
Build target 'Target 1'
compiling main.c...
main.c(189): error:  #20: identifier "PORTB" is undefined
main.c(190): error:  #20: identifier "SPDR" is undefined
main.c(191): error:  #20: identifier "SPSR" is undefined
main.c(191): error:  #20: identifier "SPIF" is undefined
main.c(193): warning:  #223-D: function "_delay_ms" declared implicitly
compiling spi.c...
spi.c(22): warning:  #550-D: variable "Dummy" was set but never used
spi.c(47): warning:  #550-D: variable "Dummy" was set but never used
spi.c(95): warning:  #550-D: variable "Dummy" was set but never used
Target not created
Build target 'Target 1'
assembling Startup.s...
compiling main.c...
compiling spi.c...
spi.c(22): warning:  #550-D: variable "Dummy" was set but never used
spi.c(47): warning:  #550-D: variable "Dummy" was set but never used
spi.c(95): warning:  #550-D: variable "Dummy" was set but never used
linking...
Program Size: Code=2600 RO-data=32 RW-data=4 ZI-data=1260  
FromELF: creating hex file...
"SP1.axf" - 0 Error(s), 3 Warning(s).
Build target 'Target 1'
assembling Startup.s...
compiling main.c...
compiling spi.c...
spi.c(22): warning:  #550-D: variable "Dummy" was set but never used
spi.c(47): warning:  #550-D: variable "Dummy" was set but never used
spi.c(95): warning:  #550-D: variable "Dummy" was set but never used
linking...
Program Size: Code=2600 RO-data=32 RW-data=4 ZI-data=1260  
FromELF: creating hex file...
"SP1.axf" - 0 Error(s), 3 Warning(s).
Build target 'Target 1'
compiling main.c...
compiling Lcd.c...
linking...
SP1.axf: Error: L6200E: Symbol DelaymSec multiply defined (by lcd.o and main.o).
Target not created
Build target 'Target 1'
compiling main.c...
linking...
Program Size: Code=4428 RO-data=32 RW-data=8 ZI-data=1256  
FromELF: creating hex file...
"SP1.axf" - 0 Error(s), 0 Warning(s).
Build target 'Target 1'
compiling main.c...
linking...
Program Size: Code=4436 RO-data=32 RW-data=8 ZI-data=1256  
FromELF: creating hex file...
"SP1.axf" - 0 Error(s), 0 Warning(s).
Build target 'Target 1'
assembling Startup.s...
compiling main.c...
compiling spi.c...
spi.c(22): warning:  #550-D: variable "Dummy" was set but never used
spi.c(47): warning:  #550-D: variable "Dummy" was set but never used
spi.c(95): warning:  #550-D: variable "Dummy" was set but never used
compiling Lcd.c...
linking...
Program Size: Code=4436 RO-data=32 RW-data=8 ZI-data=1256  
FromELF: creating hex file...
"SP1.axf" - 0 Error(s), 3 Warning(s).
Build target 'Target 1'
compiling main.c...
linking...
Program Size: Code=4436 RO-data=32 RW-data=8 ZI-data=1256  
FromELF: creating hex file...
"SP1.axf" - 0 Error(s), 0 Warning(s).
Build target 'Target 1'
assembling Startup.s...
compiling main.c...
compiling spi.c...
spi.c(22): warning:  #550-D: variable "Dummy" was set but never used
spi.c(47): warning:  #550-D: variable "Dummy" was set but never used
spi.c(95): warning:  #550-D: variable "Dummy" was set but never used
compiling Lcd.c...
linking...
Program Size: Code=4392 RO-data=32 RW-data=8 ZI-data=1256  
FromELF: creating hex file...
"SP1.axf" - 0 Error(s), 3 Warning(s).
