<html>
<body>
<pre>
<h1>µVision Build Log</h1>
<h2>Project:</h2>
C:\Users\SUMAKAR\Documents\RtOs\Semaphore_counting\Counting.uvproj
Project File Date:  07/17/2016

<h2>Output:</h2>
Build target 'Target 1'
compiling main.c...
main.c(226): warning:  #167-D: argument of type "char *" is incompatible with parameter of type "const unsigned char *"
main.c(227): warning:  #167-D: argument of type "char *" is incompatible with parameter of type "const unsigned char *"
main.c(230): warning:  #111-D: statement is unreachable
main.c(219): warning:  #177-D: variable "s" was declared but never referenced
main.c(222): warning:  #177-D: variable "p" was declared but never referenced
assembling Startup.s...
compiling tasks.c...
compiling list.c...
compiling queue.c...
compiling port.c...
assembling portASM.s...
compiling LCD.c...
compiling heap_2.c...
linking...
Program Size: Code=13696 RO-data=144 RW-data=132 ZI-data=15276  
FromELF: creating hex file...
"Counting.axf" - 0 Error(s), 5 Warning(s).
Build target 'Target 1'
compiling main.c...
main.c(226): warning:  #167-D: argument of type "char *" is incompatible with parameter of type "const unsigned char *"
main.c(227): warning:  #167-D: argument of type "char *" is incompatible with parameter of type "const unsigned char *"
main.c(229): warning:  #167-D: argument of type "char *" is incompatible with parameter of type "const unsigned char *"
main.c(232): warning:  #111-D: statement is unreachable
main.c(219): warning:  #177-D: variable "s" was declared but never referenced
main.c(222): warning:  #177-D: variable "p" was declared but never referenced
assembling Startup.s...
compiling tasks.c...
compiling list.c...
compiling queue.c...
compiling port.c...
assembling portASM.s...
compiling LCD.c...
compiling heap_2.c...
linking...
Program Size: Code=13772 RO-data=140 RW-data=132 ZI-data=15276  
FromELF: creating hex file...
"Counting.axf" - 0 Error(s), 6 Warning(s).
Build target 'Target 1'
compiling main.c...
main.c(226): warning:  #167-D: argument of type "char *" is incompatible with parameter of type "const unsigned char *"
main.c(227): warning:  #167-D: argument of type "char *" is incompatible with parameter of type "const unsigned char *"
main.c(229): warning:  #167-D: argument of type "char *" is incompatible with parameter of type "const unsigned char *"
main.c(232): warning:  #111-D: statement is unreachable
main.c(219): warning:  #177-D: variable "s" was declared but never referenced
main.c(222): warning:  #177-D: variable "p" was declared but never referenced
assembling Startup.s...
compiling tasks.c...
compiling list.c...
compiling queue.c...
compiling port.c...
assembling portASM.s...
compiling LCD.c...
compiling heap_2.c...
linking...
Program Size: Code=13772 RO-data=140 RW-data=132 ZI-data=15276  
FromELF: creating hex file...
"Counting.axf" - 0 Error(s), 6 Warning(s).
Build target 'Target 1'
compiling main.c...
main.c(226): warning:  #167-D: argument of type "char *" is incompatible with parameter of type "const unsigned char *"
main.c(227): warning:  #167-D: argument of type "char *" is incompatible with parameter of type "const unsigned char *"
main.c(229): warning:  #167-D: argument of type "char *" is incompatible with parameter of type "const unsigned char *"
main.c(232): warning:  #111-D: statement is unreachable
main.c(219): warning:  #177-D: variable "s" was declared but never referenced
main.c(222): warning:  #177-D: variable "p" was declared but never referenced
assembling Startup.s...
compiling tasks.c...
compiling list.c...
compiling queue.c...
compiling port.c...
assembling portASM.s...
compiling LCD.c...
compiling heap_2.c...
linking...
Program Size: Code=13776 RO-data=140 RW-data=132 ZI-data=15276  
FromELF: creating hex file...
"Counting.axf" - 0 Error(s), 6 Warning(s).
Build target 'Target 1'
compiling main.c...
main.c(226): warning:  #167-D: argument of type "char *" is incompatible with parameter of type "const unsigned char *"
main.c(227): warning:  #167-D: argument of type "char *" is incompatible with parameter of type "const unsigned char *"
main.c(229): warning:  #167-D: argument of type "char *" is incompatible with parameter of type "const unsigned char *"
main.c(232): warning:  #111-D: statement is unreachable
main.c(219): warning:  #177-D: variable "s" was declared but never referenced
main.c(222): warning:  #177-D: variable "p" was declared but never referenced
assembling Startup.s...
compiling tasks.c...
compiling list.c...
compiling queue.c...
compiling port.c...
assembling portASM.s...
compiling LCD.c...
compiling heap_2.c...
linking...
Program Size: Code=13776 RO-data=140 RW-data=132 ZI-data=15276  
FromELF: creating hex file...
"Counting.axf" - 0 Error(s), 6 Warning(s).
Build target 'Target 1'
compiling main.c...
main.c(226): warning:  #167-D: argument of type "char *" is incompatible with parameter of type "const unsigned char *"
main.c(227): warning:  #167-D: argument of type "char *" is incompatible with parameter of type "const unsigned char *"
main.c(228): error:  #167: argument of type "unsigned int" is incompatible with parameter of type "const unsigned char *"
main.c(230): warning:  #167-D: argument of type "char *" is incompatible with parameter of type "const unsigned char *"
main.c(231): error:  #167: argument of type "unsigned int" is incompatible with parameter of type "const unsigned char *"
main.c(234): warning:  #111-D: statement is unreachable
main.c(219): warning:  #177-D: variable "s" was declared but never referenced
main.c(222): warning:  #177-D: variable "p" was declared but never referenced
assembling Startup.s...
compiling tasks.c...
compiling list.c...
compiling queue.c...
compiling port.c...
assembling portASM.s...
compiling LCD.c...
compiling heap_2.c...
Target not created
Build target 'Target 1'
compiling main.c...
main.c(226): warning:  #167-D: argument of type "char *" is incompatible with parameter of type "const unsigned char *"
main.c(227): warning:  #167-D: argument of type "char *" is incompatible with parameter of type "const unsigned char *"
main.c(228): warning:  #223-D: function "printf" declared implicitly
main.c(230): warning:  #167-D: argument of type "char *" is incompatible with parameter of type "const unsigned char *"
main.c(234): warning:  #111-D: statement is unreachable
main.c(219): warning:  #177-D: variable "s" was declared but never referenced
main.c(222): warning:  #177-D: variable "p" was declared but never referenced
assembling Startup.s...
compiling tasks.c...
compiling list.c...
compiling queue.c...
compiling port.c...
assembling portASM.s...
compiling LCD.c...
compiling heap_2.c...
linking...
Program Size: Code=23464 RO-data=668 RW-data=144 ZI-data=15520  
FromELF: creating hex file...
"Counting.axf" - 0 Error(s), 7 Warning(s).
Build target 'Target 1'
compiling main.c...
main.c(226): warning:  #167-D: argument of type "char *" is incompatible with parameter of type "const unsigned char *"
main.c(227): warning:  #167-D: argument of type "char *" is incompatible with parameter of type "const unsigned char *"
main.c(230): warning:  #167-D: argument of type "char *" is incompatible with parameter of type "const unsigned char *"
main.c(233): warning:  #111-D: statement is unreachable
main.c(222): warning:  #177-D: variable "p" was declared but never referenced
assembling Startup.s...
compiling tasks.c...
compiling list.c...
compiling queue.c...
compiling port.c...
assembling portASM.s...
compiling LCD.c...
compiling heap_2.c...
linking...
Program Size: Code=13716 RO-data=116 RW-data=156 ZI-data=15276  
FromELF: creating hex file...
"Counting.axf" - 0 Error(s), 5 Warning(s).
Build target 'Target 1'
compiling main.c...
main.c(227): warning:  #167-D: argument of type "char *" is incompatible with parameter of type "const unsigned char *"
main.c(230): warning:  #111-D: statement is unreachable
main.c(219): warning:  #177-D: variable "s" was declared but never referenced
linking...
Program Size: Code=13840 RO-data=144 RW-data=132 ZI-data=15276  
FromELF: creating hex file...
"Counting.axf" - 0 Error(s), 3 Warning(s).
Build target 'Target 1'
compiling main.c...
main.c(228): warning:  #111-D: statement is unreachable
main.c(327): error:  #127: expected a statement
main.c(345): warning:  #12-D: parsing restarts here after previous syntax error
main.c(346): error:  #169: expected a declaration
main.c(379): warning:  #12-D: parsing restarts here after previous syntax error
main.c(380): error:  #169: expected a declaration
main.c(388): warning: At end of source:  #12-D: parsing restarts here after previous syntax error
assembling Startup.s...
compiling tasks.c...
compiling list.c...
compiling queue.c...
compiling port.c...
assembling portASM.s...
compiling LCD.c...
compiling heap_2.c...
Target not created
Build target 'Target 1'
compiling main.c...
main.c(315): error:  #127: expected a statement
main.c(329): warning:  #12-D: parsing restarts here after previous syntax error
Target not created
Build target 'Target 1'
compiling main.c...
main.c(315): error:  #127: expected a statement
main.c(329): warning:  #12-D: parsing restarts here after previous syntax error
assembling Startup.s...
compiling tasks.c...
compiling list.c...
compiling queue.c...
compiling port.c...
assembling portASM.s...
compiling LCD.c...
compiling heap_2.c...
Target not created
Build target 'Target 1'
compiling main.c...
assembling Startup.s...
compiling tasks.c...
compiling list.c...
compiling queue.c...
compiling port.c...
assembling portASM.s...
compiling LCD.c...
compiling heap_2.c...
linking...
Program Size: Code=15264 RO-data=140 RW-data=132 ZI-data=15300  
FromELF: creating hex file...
"Counting.axf" - 0 Error(s), 0 Warning(s).
Build target 'Target 1'
compiling main.c...
assembling Startup.s...
compiling tasks.c...
compiling list.c...
compiling queue.c...
compiling port.c...
assembling portASM.s...
compiling LCD.c...
compiling heap_2.c...
linking...
Program Size: Code=15280 RO-data=140 RW-data=132 ZI-data=15300  
FromELF: creating hex file...
"Counting.axf" - 0 Error(s), 0 Warning(s).
Build target 'Target 1'
compiling main.c...
main.c(241): warning:  #223-D: function "printf" declared implicitly
main.c(316): warning:  #223-D: function "printf" declared implicitly
assembling Startup.s...
compiling tasks.c...
compiling list.c...
compiling queue.c...
compiling port.c...
assembling portASM.s...
compiling LCD.c...
compiling heap_2.c...
linking...
Program Size: Code=24616 RO-data=668 RW-data=144 ZI-data=15536  
FromELF: creating hex file...
"Counting.axf" - 0 Error(s), 2 Warning(s).
Build target 'Target 1'
compiling main.c...
main.c(315): error:  #127: expected a statement
main.c(329): warning:  #12-D: parsing restarts here after previous syntax error
assembling Startup.s...
compiling tasks.c...
compiling list.c...
compiling queue.c...
compiling port.c...
assembling portASM.s...
compiling LCD.c...
compiling heap_2.c...
Target not created
Build target 'Target 1'
compiling main.c...
assembling Startup.s...
compiling tasks.c...
compiling list.c...
compiling queue.c...
compiling port.c...
assembling portASM.s...
compiling LCD.c...
compiling heap_2.c...
linking...
Program Size: Code=15280 RO-data=140 RW-data=132 ZI-data=15300  
FromELF: creating hex file...
"Counting.axf" - 0 Error(s), 0 Warning(s).
