<html>
<body>
<pre>
<h1>µVision Build Log</h1>
<h2>Project:</h2>
C:\Users\SUMAKAR\Documents\RtOs\Semaphore_Binary\Binary.uvproj
Project File Date:  06/23/2016

<h2>Output:</h2>
Build target 'Target 1'
compiling main.c...
main.c(285): error:  #268: declaration may not appear after executable statement in block
main.c(286): error:  #65: expected a ";"
main.c(305): warning:  #1-D: last line of file ends without a newline
main.c(305): warning: At end of source:  #12-D: parsing restarts here after previous syntax error
main.c(305): error: At end of source:  #67: expected a "}"
Target not created
Build target 'Target 1'
compiling main.c...
main.c(305): warning:  #1-D: last line of file ends without a newline
linking...
Program Size: Code=13716 RO-data=32 RW-data=96 ZI-data=15280  
FromELF: creating hex file...
"Binary.axf" - 0 Error(s), 1 Warning(s).
Build target 'Target 1'
compiling main.c...
main.c(305): warning:  #1-D: last line of file ends without a newline
linking...
Program Size: Code=13716 RO-data=32 RW-data=96 ZI-data=15280  
FromELF: creating hex file...
"Binary.axf" - 0 Error(s), 1 Warning(s).
Build target 'Target 1'
compiling list.c...
compiling queue.c...
compiling tasks.c...
compiling port.c...
compiling heap_2.c...
compiling Lcd.c...
compiling main.c...
main.c(288): warning:  #1-D: last line of file ends without a newline
linking...
Program Size: Code=13776 RO-data=32 RW-data=96 ZI-data=15280  
FromELF: creating hex file...
"Binary.axf" - 0 Error(s), 1 Warning(s).
Build target 'Target 1'
compiling main.c...
main.c(288): warning:  #1-D: last line of file ends without a newline
linking...
Program Size: Code=13776 RO-data=32 RW-data=96 ZI-data=15280  
FromELF: creating hex file...
"Binary.axf" - 0 Error(s), 1 Warning(s).
Build target 'Target 1'
compiling list.c...
compiling queue.c...
compiling tasks.c...
compiling port.c...
compiling heap_2.c...
compiling Lcd.c...
compiling main.c...
main.c(252): warning:  #223-D: function "pow" declared implicitly
main.c(374): error:  #167: argument of type "unsigned int" is incompatible with parameter of type "const unsigned char *"
main.c(391): error:  #167: argument of type "unsigned int" is incompatible with parameter of type "const unsigned char *"
main.c(392): error:  #167: argument of type "int" is incompatible with parameter of type "const unsigned char *"
main.c(396): warning:  #111-D: statement is unreachable
main.c(408): warning:  #1-D: last line of file ends without a newline
assembling Startup.s...
assembling portASM.s...
Target not created
Build target 'Target 1'
compiling main.c...
main.c(252): warning:  #223-D: function "pow" declared implicitly
main.c(374): error:  #167: argument of type "unsigned int" is incompatible with parameter of type "const unsigned char *"
main.c(391): error:  #29: expected an expression
main.c(392): error:  #167: argument of type "int" is incompatible with parameter of type "const unsigned char *"
main.c(396): warning:  #111-D: statement is unreachable
main.c(408): warning:  #1-D: last line of file ends without a newline
Target not created
Build target 'Target 1'
compiling main.c...
main.c(374): error:  #167: argument of type "unsigned int" is incompatible with parameter of type "const unsigned char *"
main.c(391): error:  #29: expected an expression
main.c(392): error:  #167: argument of type "int" is incompatible with parameter of type "const unsigned char *"
main.c(396): warning:  #111-D: statement is unreachable
main.c(408): warning:  #1-D: last line of file ends without a newline
Target not created
Build target 'Target 1'
compiling main.c...
main.c(374): error:  #167: argument of type "unsigned int" is incompatible with parameter of type "const unsigned char *"
main.c(392): error:  #167: argument of type "int" is incompatible with parameter of type "const unsigned char *"
main.c(396): warning:  #111-D: statement is unreachable
main.c(408): warning:  #1-D: last line of file ends without a newline
Target not created
Build target 'Target 1'
compiling main.c...
main.c(374): error:  #167: argument of type "unsigned int" is incompatible with parameter of type "const unsigned char *"
main.c(392): error:  #167: argument of type "int" is incompatible with parameter of type "const unsigned char *"
main.c(396): warning:  #111-D: statement is unreachable
main.c(408): warning:  #1-D: last line of file ends without a newline
Target not created
Build target 'Target 1'
compiling main.c...
main.c(374): error:  #167: argument of type "unsigned int" is incompatible with parameter of type "const unsigned char *"
main.c(392): error:  #167: argument of type "int" is incompatible with parameter of type "const unsigned char *"
main.c(396): warning:  #111-D: statement is unreachable
main.c(406): warning:  #1-D: last line of file ends without a newline
Target not created
Build target 'Target 1'
compiling main.c...
main.c(374): error:  #167: argument of type "unsigned int" is incompatible with parameter of type "const unsigned char *"
main.c(396): warning:  #111-D: statement is unreachable
main.c(406): warning:  #1-D: last line of file ends without a newline
Target not created
Build target 'Target 1'
compiling main.c...
main.c(396): warning:  #111-D: statement is unreachable
main.c(406): warning:  #1-D: last line of file ends without a newline
linking...
Program Size: Code=23016 RO-data=176 RW-data=100 ZI-data=15276  
FromELF: creating hex file...
"Binary.axf" - 0 Error(s), 2 Warning(s).
Build target 'Target 1'
compiling main.c...
main.c(391): error:  #29: expected an expression
main.c(396): warning:  #111-D: statement is unreachable
main.c(406): warning:  #1-D: last line of file ends without a newline
Target not created
Build target 'Target 1'
compiling main.c...
main.c(385): error:  #65: expected a ";"
main.c(400): error:  #513: a value of type "unsigned int *" cannot be assigned to an entity of type "char *"
main.c(401): warning:  #167-D: argument of type "char *" is incompatible with parameter of type "const unsigned char *"
main.c(406): warning:  #111-D: statement is unreachable
main.c(416): warning:  #1-D: last line of file ends without a newline
Target not created
Build target 'Target 1'
compiling main.c...
main.c(400): error:  #513: a value of type "unsigned int *" cannot be assigned to an entity of type "char *"
main.c(401): warning:  #167-D: argument of type "char *" is incompatible with parameter of type "const unsigned char *"
main.c(406): warning:  #111-D: statement is unreachable
main.c(416): warning:  #1-D: last line of file ends without a newline
Target not created
Build target 'Target 1'
compiling main.c...
main.c(400): error:  #513: a value of type "unsigned int *" cannot be assigned to an entity of type "unsigned char *"
main.c(406): warning:  #111-D: statement is unreachable
main.c(416): warning:  #1-D: last line of file ends without a newline
Target not created
Build target 'Target 1'
compiling main.c...
main.c(397): error:  #20: identifier "UDR0" is undefined
main.c(417): warning:  #111-D: statement is unreachable
main.c(427): warning:  #1-D: last line of file ends without a newline
Target not created
Build target 'Target 1'
compiling main.c...
main.c(417): warning:  #111-D: statement is unreachable
main.c(427): warning:  #1-D: last line of file ends without a newline
linking...
Program Size: Code=23576 RO-data=176 RW-data=104 ZI-data=15280  
FromELF: creating hex file...
"Binary.axf" - 0 Error(s), 2 Warning(s).
Build target 'Target 1'
compiling main.c...
main.c(417): warning:  #111-D: statement is unreachable
main.c(428): warning:  #1-D: last line of file ends without a newline
linking...
Program Size: Code=23576 RO-data=176 RW-data=104 ZI-data=15280  
FromELF: creating hex file...
"Binary.axf" - 0 Error(s), 2 Warning(s).
Build target 'Target 1'
compiling main.c...
main.c(387): warning:  #223-D: function "send" declared implicitly
main.c(403): error:  #159: declaration is incompatible with previous "send" (declared at line 387)
main.c(445): warning:  #1-D: last line of file ends without a newline
Target not created
Build target 'Target 1'
compiling main.c...
main.c(445): warning:  #1-D: last line of file ends without a newline
linking...
Program Size: Code=23952 RO-data=176 RW-data=104 ZI-data=15280  
FromELF: creating hex file...
"Binary.axf" - 0 Error(s), 1 Warning(s).
Build target 'Target 1'
compiling main.c...
main.c(447): warning:  #1-D: last line of file ends without a newline
linking...
Program Size: Code=23952 RO-data=176 RW-data=104 ZI-data=15280  
FromELF: creating hex file...
"Binary.axf" - 0 Error(s), 1 Warning(s).
Build target 'Target 1'
compiling main.c...
main.c(445): warning:  #1-D: last line of file ends without a newline
linking...
Program Size: Code=23952 RO-data=176 RW-data=104 ZI-data=15280  
FromELF: creating hex file...
"Binary.axf" - 0 Error(s), 1 Warning(s).
Build target 'Target 1'
compiling list.c...
compiling queue.c...
compiling tasks.c...
compiling port.c...
compiling heap_2.c...
compiling Lcd.c...
compiling main.c...
main.c(445): warning:  #1-D: last line of file ends without a newline
linking...
Program Size: Code=23952 RO-data=176 RW-data=104 ZI-data=15280  
FromELF: creating hex file...
"Binary.axf" - 0 Error(s), 1 Warning(s).
Build target 'Target 1'
compiling main.c...
main.c(445): warning:  #1-D: last line of file ends without a newline
linking...
Program Size: Code=23936 RO-data=176 RW-data=104 ZI-data=15280  
FromELF: creating hex file...
"Binary.axf" - 0 Error(s), 1 Warning(s).
Build target 'Target 1'
compiling main.c...
main.c(445): warning:  #1-D: last line of file ends without a newline
linking...
Program Size: Code=23872 RO-data=176 RW-data=104 ZI-data=15280  
FromELF: creating hex file...
"Binary.axf" - 0 Error(s), 1 Warning(s).
Build target 'Target 1'
compiling main.c...
main.c(434): error:  #55: too many arguments in macro invocation
main.c(445): warning:  #1-D: last line of file ends without a newline
Target not created
Build target 'Target 1'
compiling main.c...
main.c(445): warning:  #1-D: last line of file ends without a newline
linking...
Program Size: Code=23840 RO-data=176 RW-data=104 ZI-data=15280  
FromELF: creating hex file...
"Binary.axf" - 0 Error(s), 1 Warning(s).
Build target 'Target 1'
compiling main.c...
main.c(435): warning:  #1-D: last line of file ends without a newline
linking...
Program Size: Code=23752 RO-data=176 RW-data=104 ZI-data=15280  
FromELF: creating hex file...
"Binary.axf" - 0 Error(s), 1 Warning(s).
Build target 'Target 1'
compiling main.c...
main.c(435): warning:  #1-D: last line of file ends without a newline
linking...
Program Size: Code=23752 RO-data=176 RW-data=104 ZI-data=15280  
FromELF: creating hex file...
"Binary.axf" - 0 Error(s), 1 Warning(s).
Build target 'Target 1'
compiling main.c...
main.c(435): warning:  #1-D: last line of file ends without a newline
linking...
Program Size: Code=23752 RO-data=176 RW-data=104 ZI-data=15280  
FromELF: creating hex file...
"Binary.axf" - 0 Error(s), 1 Warning(s).
Build target 'Target 1'
compiling main.c...
main.c(435): warning:  #1-D: last line of file ends without a newline
linking...
Program Size: Code=23776 RO-data=176 RW-data=104 ZI-data=15280  
FromELF: creating hex file...
"Binary.axf" - 0 Error(s), 1 Warning(s).
Build target 'Target 1'
compiling main.c...
main.c(435): warning:  #1-D: last line of file ends without a newline
linking...
Program Size: Code=23776 RO-data=176 RW-data=104 ZI-data=15280  
FromELF: creating hex file...
"Binary.axf" - 0 Error(s), 1 Warning(s).
Build target 'Target 1'
compiling main.c...
main.c(386): error:  #18: expected a ")"
main.c(389): warning:  #12-D: parsing restarts here after previous syntax error
main.c(389): error:  #127: expected a statement
main.c(435): warning:  #1-D: last line of file ends without a newline
Target not created
Build target 'Target 1'
compiling main.c...
main.c(435): warning:  #1-D: last line of file ends without a newline
linking...
Program Size: Code=23816 RO-data=176 RW-data=104 ZI-data=15280  
FromELF: creating hex file...
"Binary.axf" - 0 Error(s), 1 Warning(s).
Build target 'Target 1'
compiling main.c...
main.c(435): warning:  #1-D: last line of file ends without a newline
linking...
Program Size: Code=23776 RO-data=176 RW-data=104 ZI-data=15280  
FromELF: creating hex file...
"Binary.axf" - 0 Error(s), 1 Warning(s).
Build target 'Target 1'
compiling main.c...
main.c(435): warning:  #1-D: last line of file ends without a newline
linking...
Program Size: Code=23776 RO-data=176 RW-data=104 ZI-data=15280  
FromELF: creating hex file...
"Binary.axf" - 0 Error(s), 1 Warning(s).
Build target 'Target 1'
compiling main.c...
main.c(435): warning:  #1-D: last line of file ends without a newline
linking...
Program Size: Code=23744 RO-data=176 RW-data=104 ZI-data=15280  
FromELF: creating hex file...
"Binary.axf" - 0 Error(s), 1 Warning(s).
Build target 'Target 1'
linking...
Program Size: Code=23744 RO-data=176 RW-data=104 ZI-data=15280  
FromELF: creating hex file...
"Binary.axf" - 0 Error(s), 0 Warning(s).
