<html>
<body>
<pre>
<h1>µVision Build Log</h1>
<h2>Project:</h2>
C:\Users\SUMAKAR\Documents\RtOs\SPI_ADC\SPI_ADC.uvproj
Project File Date:  07/12/2016

<h2>Output:</h2>
Build target 'Target 1'
compiling adc.c...
compiling Lcd.c...
compiling spi.c...
spi.c(22): warning:  #550-D: variable "Dummy" was set but never used
spi.c(47): warning:  #550-D: variable "Dummy" was set but never used
spi.c(95): warning:  #550-D: variable "Dummy" was set but never used
linking...
Program Size: Code=12504 RO-data=144 RW-data=552 ZI-data=548  
"SPI_ADC.axf" - 0 Error(s), 3 Warning(s).
Build target 'Target 1'
compiling adc.c...
compiling Lcd.c...
compiling spi.c...
spi.c(22): warning:  #550-D: variable "Dummy" was set but never used
spi.c(47): warning:  #550-D: variable "Dummy" was set but never used
spi.c(95): warning:  #550-D: variable "Dummy" was set but never used
linking...
Program Size: Code=12504 RO-data=144 RW-data=552 ZI-data=548  
"SPI_ADC.axf" - 0 Error(s), 3 Warning(s).
Build target 'Target 1'
compiling adc.c...
compiling Lcd.c...
compiling spi.c...
spi.c(22): warning:  #550-D: variable "Dummy" was set but never used
spi.c(47): warning:  #550-D: variable "Dummy" was set but never used
spi.c(95): warning:  #550-D: variable "Dummy" was set but never used
linking...
Program Size: Code=12504 RO-data=144 RW-data=552 ZI-data=548  
"SPI_ADC.axf" - 0 Error(s), 3 Warning(s).
Build target 'Target 1'
assembling Startup.s...
linking...
SPI_ADC.axf: Error: L6218E: Undefined symbol main (referred from rtentry2.o).
Target not created
Build target 'Target 1'
linking...
SPI_ADC.axf: Error: L6218E: Undefined symbol main (referred from rtentry2.o).
Target not created
Build target 'Target 1'
compiling main.c...
main.c(2): error:  #5: cannot open source input file "FreeRTOS.h": No such file or directory
Target not created
Build target 'Target 1'
compiling main.c...
main.c(2): error:  #5: cannot open source input file "FreeRTOS.h": No such file or directory
Target not created
Build target 'Target 1'
compiling adc.c...
compiling Lcd.c...
compiling spi.c...
spi.c(22): warning:  #550-D: variable "Dummy" was set but never used
spi.c(47): warning:  #550-D: variable "Dummy" was set but never used
spi.c(95): warning:  #550-D: variable "Dummy" was set but never used
assembling Startup.s...
compiling main.c...
main.c(112): error:  #20: identifier "Right_Shaft_Count" is undefined
main.c(121): error:  #20: identifier "Left_Shaft_Count" is undefined
main.c(129): warning:  #223-D: function "Init_Motion_Pin" declared implicitly
main.c(140): warning:  #223-D: function "Init_Motion_Pin" declared implicitly
main.c(144): warning:  #223-D: function "Init_PWM" declared implicitly
main.c(145): warning:  #223-D: function "Init_UART0" declared implicitly
main.c(211): error:  #65: expected a ";"
Target not created
Build target 'Target 1'
compiling adc.c...
compiling Lcd.c...
compiling spi.c...
spi.c(22): warning:  #550-D: variable "Dummy" was set but never used
spi.c(47): warning:  #550-D: variable "Dummy" was set but never used
spi.c(95): warning:  #550-D: variable "Dummy" was set but never used
assembling Startup.s...
compiling main.c...
main.c(112): error:  #20: identifier "Right_Shaft_Count" is undefined
main.c(121): error:  #20: identifier "Left_Shaft_Count" is undefined
main.c(129): warning:  #223-D: function "Init_Motion_Pin" declared implicitly
Target not created
Build target 'Target 1'
compiling main.c...
main.c(113): warning:  #223-D: function "Init_Motion_Pin" declared implicitly
linking...
SPI_ADC.axf: Error: L6218E: Undefined symbol IRQ_Eint0 (referred from main.o).
SPI_ADC.axf: Error: L6218E: Undefined symbol IRQ_Eint3 (referred from main.o).
SPI_ADC.axf: Error: L6218E: Undefined symbol Init_Motion_Pin (referred from main.o).
Target not created
Build target 'Target 1'
compiling adc.c...
compiling Lcd.c...
compiling spi.c...
spi.c(22): warning:  #550-D: variable "Dummy" was set but never used
spi.c(47): warning:  #550-D: variable "Dummy" was set but never used
spi.c(95): warning:  #550-D: variable "Dummy" was set but never used
assembling Startup.s...
compiling main.c...
linking...
SPI_ADC.axf: Error: L6218E: Undefined symbol IRQ_Eint0 (referred from main.o).
SPI_ADC.axf: Error: L6218E: Undefined symbol IRQ_Eint3 (referred from main.o).
Target not created
Build target 'Target 1'
compiling adc.c...
compiling Lcd.c...
compiling spi.c...
spi.c(22): warning:  #550-D: variable "Dummy" was set but never used
spi.c(47): warning:  #550-D: variable "Dummy" was set but never used
spi.c(95): warning:  #550-D: variable "Dummy" was set but never used
assembling Startup.s...
compiling main.c...
main.c(96): error:  #20: identifier "IRQ_Eint3" is undefined
main.c(99): error:  #20: identifier "IRQ_Eint0" is undefined
Target not created
Build target 'Target 1'
compiling adc.c...
compiling Lcd.c...
compiling spi.c...
spi.c(22): warning:  #550-D: variable "Dummy" was set but never used
spi.c(47): warning:  #550-D: variable "Dummy" was set but never used
spi.c(95): warning:  #550-D: variable "Dummy" was set but never used
assembling Startup.s...
compiling main.c...
linking...
Program Size: Code=14072 RO-data=160 RW-data=0 ZI-data=1288  
FromELF: creating hex file...
"SPI_ADC.axf" - 0 Error(s), 3 Warning(s).
Build target 'Target 1'
compiling main.c...
linking...
Program Size: Code=14120 RO-data=160 RW-data=0 ZI-data=1288  
FromELF: creating hex file...
"SPI_ADC.axf" - 0 Error(s), 0 Warning(s).
Build target 'Target 1'
compiling main.c...
linking...
Program Size: Code=14032 RO-data=176 RW-data=8 ZI-data=1256  
FromELF: creating hex file...
"SPI_ADC.axf" - 0 Error(s), 0 Warning(s).
Build target 'Target 1'
compiling main.c...
linking...
Program Size: Code=14032 RO-data=176 RW-data=8 ZI-data=1256  
FromELF: creating hex file...
"SPI_ADC.axf" - 0 Error(s), 0 Warning(s).
Build target 'Target 1'
compiling adc.c...
compiling Lcd.c...
compiling spi.c...
spi.c(22): warning:  #550-D: variable "Dummy" was set but never used
spi.c(47): warning:  #550-D: variable "Dummy" was set but never used
spi.c(95): warning:  #550-D: variable "Dummy" was set but never used
assembling Startup.s...
compiling main.c...
linking...
Program Size: Code=14000 RO-data=176 RW-data=8 ZI-data=1256  
FromELF: creating hex file...
"SPI_ADC.axf" - 0 Error(s), 3 Warning(s).
Build target 'Target 1'
compiling main.c...
linking...
Program Size: Code=14008 RO-data=176 RW-data=8 ZI-data=1256  
FromELF: creating hex file...
"SPI_ADC.axf" - 0 Error(s), 0 Warning(s).
