<html>
<body>
<pre>
<h1>µVision Build Log</h1>
<h2>Project:</h2>
C:\Users\SUMAKAR\Documents\RtOs\SPI_ADC\SPI_ADC.uvproj
Project File Date:  07/12/2016

<h2>Output:</h2>
Build target 'Target 1'
compiling adc.c...
compiling Lcd.c...
compiling spi.c...
spi.c(22): warning:  #550-D: variable "Dummy" was set but never used
spi.c(47): warning:  #550-D: variable "Dummy" was set but never used
spi.c(95): warning:  #550-D: variable "Dummy" was set but never used
assembling Startup.s...
compiling main.c...
linking...
Program Size: Code=14040 RO-data=176 RW-data=8 ZI-data=1256  
FromELF: creating hex file...
"SPI_ADC.axf" - 0 Error(s), 3 Warning(s).
Build target 'Target 1'
compiling adc.c...
compiling Lcd.c...
compiling spi.c...
spi.c(22): warning:  #550-D: variable "Dummy" was set but never used
spi.c(47): warning:  #550-D: variable "Dummy" was set but never used
spi.c(95): warning:  #550-D: variable "Dummy" was set but never used
assembling Startup.s...
compiling main.c...
linking...
Program Size: Code=14008 RO-data=176 RW-data=8 ZI-data=1256  
FromELF: creating hex file...
"SPI_ADC.axf" - 0 Error(s), 3 Warning(s).
Build target 'Target 1'
compiling adc.c...
compiling Lcd.c...
compiling spi.c...
spi.c(22): warning:  #550-D: variable "Dummy" was set but never used
spi.c(47): warning:  #550-D: variable "Dummy" was set but never used
spi.c(95): warning:  #550-D: variable "Dummy" was set but never used
assembling Startup.s...
compiling main.c...
linking...
Program Size: Code=14064 RO-data=176 RW-data=8 ZI-data=1288  
FromELF: creating hex file...
"SPI_ADC.axf" - 0 Error(s), 3 Warning(s).
Build target 'Target 1'
compiling adc.c...
compiling Lcd.c...
compiling spi.c...
spi.c(22): warning:  #550-D: variable "Dummy" was set but never used
spi.c(47): warning:  #550-D: variable "Dummy" was set but never used
spi.c(95): warning:  #550-D: variable "Dummy" was set but never used
assembling Startup.s...
compiling main.c...
linking...
Program Size: Code=14056 RO-data=176 RW-data=8 ZI-data=1256  
FromELF: creating hex file...
"SPI_ADC.axf" - 0 Error(s), 3 Warning(s).
Build target 'Target 1'
compiling adc.c...
compiling main.c...
main.c(88): warning:  #223-D: function "Init_ADC_Pin" declared implicitly
main.c(97): warning:  #223-D: function "Init_ADC0" declared implicitly
main.c(98): warning:  #223-D: function "Init_ADC1" declared implicitly
main.c(126): warning:  #223-D: function "pow" declared implicitly
main.c(151): error:  #159: declaration is incompatible with previous "Init_ADC1" (declared at line 98)
main.c(182): error:  #159: declaration is incompatible with previous "Init_ADC_Pin" (declared at line 88)
Target not created
Build target 'Target 1'
compiling main.c...
main.c(89): warning:  #223-D: function "Init_ADC_Pin" declared implicitly
main.c(98): warning:  #223-D: function "Init_ADC0" declared implicitly
main.c(99): warning:  #223-D: function "Init_ADC1" declared implicitly
main.c(152): error:  #159: declaration is incompatible with previous "Init_ADC1" (declared at line 99)
main.c(183): error:  #159: declaration is incompatible with previous "Init_ADC_Pin" (declared at line 89)
Target not created
Build target 'Target 1'
compiling main.c...
linking...
SPI_ADC.axf: Error: L6200E: Symbol Init_ADC_Pin multiply defined (by main.o and adc.o).
SPI_ADC.axf: Error: L6200E: Symbol Init_ADC1 multiply defined (by main.o and adc.o).
SPI_ADC.axf: Error: L6200E: Symbol AD1_Conversion multiply defined (by main.o and adc.o).
SPI_ADC.axf: Error: L6200E: Symbol Sharp_GP2D12_Estimation multiply defined (by main.o and adc.o).
Target not created
Build target 'Target 1'
compiling Lcd.c...
compiling spi.c...
spi.c(22): warning:  #550-D: variable "Dummy" was set but never used
spi.c(47): warning:  #550-D: variable "Dummy" was set but never used
spi.c(95): warning:  #550-D: variable "Dummy" was set but never used
assembling Startup.s...
compiling main.c...
linking...
Program Size: Code=13216 RO-data=176 RW-data=8 ZI-data=1256  
FromELF: creating hex file...
"SPI_ADC.axf" - 0 Error(s), 3 Warning(s).
Build target 'Target 1'
compiling Lcd.c...
compiling spi.c...
spi.c(22): warning:  #550-D: variable "Dummy" was set but never used
spi.c(47): warning:  #550-D: variable "Dummy" was set but never used
spi.c(95): warning:  #550-D: variable "Dummy" was set but never used
assembling Startup.s...
compiling main.c...
linking...
Program Size: Code=13176 RO-data=160 RW-data=0 ZI-data=1288  
FromELF: creating hex file...
"SPI_ADC.axf" - 0 Error(s), 3 Warning(s).
Build target 'Target 1'
compiling main.c...
linking...
Program Size: Code=12832 RO-data=160 RW-data=0 ZI-data=1288  
FromELF: creating hex file...
"SPI_ADC.axf" - 0 Error(s), 0 Warning(s).
Build target 'Target 1'
compiling main.c...
linking...
Program Size: Code=12832 RO-data=160 RW-data=0 ZI-data=1288  
FromELF: creating hex file...
"SPI_ADC.axf" - 0 Error(s), 0 Warning(s).
