<html>
<body>
<pre>
<h1>µVision Build Log</h1>
<h2>Project:</h2>
C:\Users\SUMAKAR\Documents\RtOs\State_collector\state_collector.uvproj
Project File Date:  07/12/2016

<h2>Output:</h2>
Build target 'Target 1'
compiling main.c...
uart.h(126): warning:  #1-D: last line of file ends without a newline
linking...
state_collector.axf: Error: L6218E: Undefined symbol Ext_INT_Setup (referred from main.o).
state_collector.axf: Error: L6218E: Undefined symbol Init_Buzzer_Pin (referred from main.o).
Target not created
compiling main.c...
uart.h(126): warning:  #1-D: last line of file ends without a newline
main.c - 0 Error(s), 1 Warning(s).
Build target 'Target 1'
linking...
state_collector.axf: Error: L6218E: Undefined symbol Ext_INT_Setup (referred from main.o).
Target not created
Build target 'Target 1'
compiling main.c...
uart.h(126): warning:  #1-D: last line of file ends without a newline
linking...
Program Size: Code=24560 RO-data=176 RW-data=144 ZI-data=15312  
FromELF: creating hex file...
"state_collector.axf" - 0 Error(s), 1 Warning(s).
Build target 'Target 1'
compiling main.c...
uart.h(126): warning:  #1-D: last line of file ends without a newline
compiling list.c...
compiling queue.c...
compiling tasks.c...
compiling heap_2.c...
compiling port.c...
assembling portASM.s...
compiling spi.c...
spi.c(22): warning:  #550-D: variable "Dummy" was set but never used
spi.c(47): warning:  #550-D: variable "Dummy" was set but never used
spi.c(95): warning:  #550-D: variable "Dummy" was set but never used
compiling pwm.c...
compiling motion_control.c...
compiling Lcd.c...
assembling Startup.s...
compiling adc.c...
linking...
Program Size: Code=24560 RO-data=176 RW-data=108 ZI-data=15308  
FromELF: creating hex file...
"state_collector.axf" - 0 Error(s), 4 Warning(s).
Build target 'Target 1'
compiling main.c...
uart.h(126): warning:  #1-D: last line of file ends without a newline
linking...
Program Size: Code=24560 RO-data=176 RW-data=108 ZI-data=15308  
FromELF: creating hex file...
"state_collector.axf" - 0 Error(s), 1 Warning(s).
Build target 'Target 1'
compiling main.c...
uart.h(126): warning:  #1-D: last line of file ends without a newline
compiling list.c...
compiling queue.c...
compiling tasks.c...
compiling heap_2.c...
compiling port.c...
assembling portASM.s...
compiling spi.c...
spi.c(22): warning:  #550-D: variable "Dummy" was set but never used
spi.c(47): warning:  #550-D: variable "Dummy" was set but never used
spi.c(95): warning:  #550-D: variable "Dummy" was set but never used
compiling pwm.c...
compiling motion_control.c...
compiling Lcd.c...
assembling Startup.s...
compiling adc.c...
linking...
Program Size: Code=24560 RO-data=176 RW-data=108 ZI-data=15308  
FromELF: creating hex file...
"state_collector.axf" - 0 Error(s), 4 Warning(s).
Build target 'Target 1'
compiling main.c...
uart.h(126): warning:  #1-D: last line of file ends without a newline
linking...
Program Size: Code=24560 RO-data=176 RW-data=108 ZI-data=15308  
FromELF: creating hex file...
"state_collector.axf" - 0 Error(s), 1 Warning(s).
Build target 'Target 1'
compiling main.c...
linking...
state_collector.axf: Error: L6218E: Undefined symbol main (referred from rtentry2.o).
Target not created
Build target 'Target 1'
compiling main.c...
main.c(376): warning:  #1-D: last line of file ends without a newline
linking...
state_collector.axf: Error: L6200E: Symbol DelaymSec multiply defined (by lcd.o and main.o).
state_collector.axf: Error: L6200E: Symbol R_Stop multiply defined (by motion_control.o and main.o).
state_collector.axf: Error: L6200E: Symbol L_Stop multiply defined (by motion_control.o and main.o).
state_collector.axf: Error: L6200E: Symbol Stop multiply defined (by motion_control.o and main.o).
state_collector.axf: Error: L6200E: Symbol Init_Motion_Pin multiply defined (by motion_control.o and main.o).
state_collector.axf: Error: L6200E: Symbol L_Forward multiply defined (by motion_control.o and main.o).
state_collector.axf: Error: L6200E: Symbol L_Back multiply defined (by motion_control.o and main.o).
state_collector.axf: Error: L6200E: Symbol R_Forward multiply defined (by motion_control.o and main.o).
state_collector.axf: Error: L6200E: Symbol R_Back multiply defined (by motion_control.o and main.o).
state_collector.axf: Error: L6200E: Symbol Forward multiply defined (by motion_control.o and main.o).
state_collector.axf: Error: L6200E: Symbol Back multiply defined (by motion_control.o and main.o).
state_collector.axf: Error: L6200E: Symbol Left multiply defined (by motion_control.o and main.o).
state_collector.axf: Error: L6200E: Symbol Right multiply defined (by motion_control.o and main.o).
state_collector.axf: Error: L6200E: Symbol Soft_Left multiply defined (by motion_control.o and main.o).
state_collector.axf: Error: L6200E: Symbol Soft_Right multiply defined (by motion_control.o and main.o).
state_collector.axf: Error: L6200E: Symbol Soft_Left2 multiply defined (by motion_control.o and main.o).
state_collector.axf: Error: L6200E: Symbol Soft_Right2 multiply defined (by motion_control.o and main.o).
Target not created
Build target 'Target 1'
compiling main.c...
compiling list.c...
compiling queue.c...
compiling tasks.c...
compiling heap_2.c...
compiling port.c...
assembling portASM.s...
compiling spi.c...
spi.c(22): warning:  #550-D: variable "Dummy" was set but never used
spi.c(47): warning:  #550-D: variable "Dummy" was set but never used
spi.c(95): warning:  #550-D: variable "Dummy" was set but never used
compiling pwm.c...
compiling motion_control.c...
compiling Lcd.c...
assembling Startup.s...
compiling adc.c...
linking...
state_collector.axf: Error: L6200E: Symbol DelaymSec multiply defined (by lcd.o and main.o).
Target not created
Build target 'Target 1'
compiling main.c...
main.c(176): error:  #169: expected a declaration
main.c(199): warning:  #12-D: parsing restarts here after previous syntax error
main.c(201): error:  #169: expected a declaration
main.c(242): warning:  #12-D: parsing restarts here after previous syntax error
main.c(244): error:  #169: expected a declaration
main.c(285): warning:  #12-D: parsing restarts here after previous syntax error
main.c(287): error:  #169: expected a declaration
main.c(328): warning:  #12-D: parsing restarts here after previous syntax error
main.c(330): error:  #169: expected a declaration
main.c(371): warning:  #12-D: parsing restarts here after previous syntax error
main.c(373): error:  #169: expected a declaration
main.c(416): warning:  #12-D: parsing restarts here after previous syntax error
main.c(418): error:  #79: expected a type specifier
main.c(418): warning:  #77-D: this declaration has no storage class or type specifier
main.c(418): error:  #147: declaration is incompatible with "void vTaskDelay(const TickType_t)" (declared at line 695 of "S:\FreeRTOSv9.0.0\FreeRTOS\Source\include\task.h")
main.c(419): error:  #79: expected a type specifier
main.c(419): warning:  #77-D: this declaration has no storage class or type specifier
main.c(419): error:  #147: declaration is incompatible with "void UART0_SendStr(const unsigned char *)" (declared at line 157)
main.c(420): error:  #79: expected a type specifier
main.c(420): warning:  #77-D: this declaration has no storage class or type specifier
main.c(421): error:  #79: expected a type specifier
main.c(421): error:  #79: expected a type specifier
main.c(421): error:  #79: expected a type specifier
main.c(421): error:  #79: expected a type specifier
main.c(421): warning:  #77-D: this declaration has no storage class or type specifier
main.c(421): error:  #147-D: declaration is incompatible with "BaseType_t xQueueGenericSend(QueueHandle_t, const void *const, TickType_t, const BaseType_t)" (declared at line 692 of "S:\FreeRTOSv9.0.0\FreeRTOS\Source\include\queue.h")
main.c(422): error:  #79: expected a type specifier
main.c(422): error:  #79: expected a type specifier
main.c(422): error:  #79: expected a type specifier
main.c(422): error:  #79: expected a type specifier
main.c(422): warning:  #77-D: this declaration has no storage class or type specifier
main.c(423): error:  #28: expression must have a constant value
main.c(423): error:  #148: variable "forks_avail" has already been initialized
main.c(424): error:  #28: expression must have a constant value
main.c(424): error:  #148: variable "forks_avail" has already been initialized
main.c(426): error:  #79: expected a type specifier
main.c(426): warning:  #77-D: this declaration has no storage class or type specifier
main.c(428): error:  #169: expected a declaration
main.c(483): warning:  #12-D: parsing restarts here after previous syntax error
main.c(484): warning:  #1295-D: Deprecated declaration vTaskStartScheduler - give arg types
main.c(484): warning:  #77-D: this declaration has no storage class or type specifier
main.c(484): error:  #147: declaration is incompatible with "void vTaskStartScheduler(void)" (declared at line 1112 of "S:\FreeRTOSv9.0.0\FreeRTOS\Source\include\task.h")
main.c(486): error:  #169: expected a declaration
main.c(489): warning: At end of source:  #12-D: parsing restarts here after previous syntax error
Target not created
Build target 'Target 1'
compiling main.c...
linking...
state_collector.axf: Error: L6200E: Symbol DelaymSec multiply defined (by lcd.o and main.o).
Target not created
Build target 'Target 1'
compiling main.c...
linking...
Program Size: Code=14856 RO-data=32 RW-data=100 ZI-data=15300  
FromELF: creating hex file...
"state_collector.axf" - 0 Error(s), 0 Warning(s).
Build target 'Target 1'
compiling main.c...
compiling list.c...
compiling queue.c...
compiling tasks.c...
compiling heap_2.c...
compiling port.c...
assembling portASM.s...
compiling spi.c...
spi.c(22): warning:  #550-D: variable "Dummy" was set but never used
spi.c(47): warning:  #550-D: variable "Dummy" was set but never used
spi.c(95): warning:  #550-D: variable "Dummy" was set but never used
compiling pwm.c...
compiling motion_control.c...
compiling Lcd.c...
assembling Startup.s...
compiling adc.c...
linking...
Program Size: Code=14856 RO-data=32 RW-data=100 ZI-data=15300  
FromELF: creating hex file...
"state_collector.axf" - 0 Error(s), 3 Warning(s).
Build target 'Target 1'
compiling main.c...
uart.h(126): warning:  #1-D: last line of file ends without a newline
linking...
Program Size: Code=24560 RO-data=176 RW-data=108 ZI-data=15308  
FromELF: creating hex file...
"state_collector.axf" - 0 Error(s), 1 Warning(s).
Build target 'Target 1'
compiling main.c...
uart.h(126): warning:  #1-D: last line of file ends without a newline
linking...
Program Size: Code=24560 RO-data=176 RW-data=108 ZI-data=15308  
FromELF: creating hex file...
"state_collector.axf" - 0 Error(s), 1 Warning(s).
Build target 'Target 1'
compiling main.c...
uart.h(126): warning:  #1-D: last line of file ends without a newline
linking...
Program Size: Code=24560 RO-data=176 RW-data=108 ZI-data=15308  
FromELF: creating hex file...
"state_collector.axf" - 0 Error(s), 1 Warning(s).
Build target 'Target 1'
compiling main.c...
uart.h(126): warning:  #1-D: last line of file ends without a newline
compiling list.c...
compiling queue.c...
compiling tasks.c...
compiling heap_2.c...
compiling port.c...
assembling portASM.s...
compiling spi.c...
spi.c(22): warning:  #550-D: variable "Dummy" was set but never used
spi.c(47): warning:  #550-D: variable "Dummy" was set but never used
spi.c(95): warning:  #550-D: variable "Dummy" was set but never used
compiling pwm.c...
compiling motion_control.c...
compiling Lcd.c...
assembling Startup.s...
compiling adc.c...
linking...
Program Size: Code=24560 RO-data=176 RW-data=108 ZI-data=15308  
FromELF: creating hex file...
"state_collector.axf" - 0 Error(s), 4 Warning(s).
Build target 'Target 1'
compiling main.c...
uart.h(126): warning:  #1-D: last line of file ends without a newline
linking...
Program Size: Code=24560 RO-data=176 RW-data=108 ZI-data=15308  
FromELF: creating hex file...
"state_collector.axf" - 0 Error(s), 1 Warning(s).
Build target 'Target 1'
compiling main.c...
uart.h(126): warning:  #1-D: last line of file ends without a newline
compiling list.c...
compiling queue.c...
compiling tasks.c...
compiling heap_2.c...
compiling port.c...
assembling portASM.s...
compiling spi.c...
spi.c(22): warning:  #550-D: variable "Dummy" was set but never used
spi.c(47): warning:  #550-D: variable "Dummy" was set but never used
spi.c(95): warning:  #550-D: variable "Dummy" was set but never used
compiling pwm.c...
compiling motion_control.c...
compiling Lcd.c...
assembling Startup.s...
compiling adc.c...
linking...
Program Size: Code=24552 RO-data=176 RW-data=108 ZI-data=15308  
FromELF: creating hex file...
"state_collector.axf" - 0 Error(s), 4 Warning(s).
Build target 'Target 1'
compiling main.c...
uart.h(126): warning:  #1-D: last line of file ends without a newline
main.c(18): error:  #25: quoted string should contain at least one character
main.c(18): error:  #25: quoted string should contain at least one character
main.c(18): error:  #25: quoted string should contain at least one character
main.c(18): error:  #25: quoted string should contain at least one character
main.c(18): error:  #25: quoted string should contain at least one character
main.c(18): error:  #25: quoted string should contain at least one character
main.c(18): error:  #25: quoted string should contain at least one character
main.c(18): error:  #25: quoted string should contain at least one character
main.c(18): error:  #25: quoted string should contain at least one character
main.c(18): error:  #25: quoted string should contain at least one character
main.c(18): error:  #25: quoted string should contain at least one character
main.c(18): error:  #25: quoted string should contain at least one character
main.c(18): error:  #25: quoted string should contain at least one character
compiling list.c...
compiling queue.c...
compiling tasks.c...
compiling heap_2.c...
compiling port.c...
assembling portASM.s...
compiling spi.c...
spi.c(22): warning:  #550-D: variable "Dummy" was set but never used
spi.c(47): warning:  #550-D: variable "Dummy" was set but never used
spi.c(95): warning:  #550-D: variable "Dummy" was set but never used
compiling pwm.c...
compiling motion_control.c...
compiling Lcd.c...
assembling Startup.s...
compiling adc.c...
Target not created
Build target 'Target 1'
compiling main.c...
uart.h(126): warning:  #1-D: last line of file ends without a newline
linking...
Program Size: Code=24552 RO-data=176 RW-data=120 ZI-data=15280  
FromELF: creating hex file...
"state_collector.axf" - 0 Error(s), 1 Warning(s).
Build target 'Target 1'
compiling main.c...
uart.h(126): warning:  #1-D: last line of file ends without a newline
main.c(107): warning:  #175-D: subscript out of range
main.c(107): error:  #20: identifier "ADC_Data" is undefined
main.c(108): warning:  #175-D: subscript out of range
Target not created
Build target 'Target 1'
compiling main.c...
uart.h(126): warning:  #1-D: last line of file ends without a newline
main.c(107): warning:  #175-D: subscript out of range
main.c(107): error:  #20: identifier "ADC_Data" is undefined
main.c(108): warning:  #175-D: subscript out of range
compiling list.c...
compiling queue.c...
compiling tasks.c...
compiling heap_2.c...
compiling port.c...
assembling portASM.s...
compiling spi.c...
spi.c(22): warning:  #550-D: variable "Dummy" was set but never used
spi.c(47): warning:  #550-D: variable "Dummy" was set but never used
spi.c(95): warning:  #550-D: variable "Dummy" was set but never used
compiling pwm.c...
compiling motion_control.c...
compiling Lcd.c...
assembling Startup.s...
compiling adc.c...
Target not created
Build target 'Target 1'
compiling main.c...
uart.h(126): warning:  #1-D: last line of file ends without a newline
main.c(95): warning:  #175-D: subscript out of range
main.c(96): warning:  #175-D: subscript out of range
main.c(97): warning:  #175-D: subscript out of range
compiling list.c...
compiling queue.c...
compiling tasks.c...
compiling heap_2.c...
compiling port.c...
assembling portASM.s...
compiling spi.c...
spi.c(22): warning:  #550-D: variable "Dummy" was set but never used
spi.c(47): warning:  #550-D: variable "Dummy" was set but never used
spi.c(95): warning:  #550-D: variable "Dummy" was set but never used
compiling pwm.c...
compiling motion_control.c...
compiling Lcd.c...
assembling Startup.s...
compiling adc.c...
linking...
Program Size: Code=24656 RO-data=176 RW-data=120 ZI-data=15280  
FromELF: creating hex file...
"state_collector.axf" - 0 Error(s), 7 Warning(s).
Build target 'Target 1'
compiling main.c...
uart.h(126): warning:  #1-D: last line of file ends without a newline
main.c(97): warning:  #175-D: subscript out of range
linking...
Program Size: Code=24736 RO-data=176 RW-data=108 ZI-data=15300  
FromELF: creating hex file...
"state_collector.axf" - 0 Error(s), 2 Warning(s).
Build target 'Target 1'
compiling main.c...
uart.h(126): warning:  #1-D: last line of file ends without a newline
compiling list.c...
compiling queue.c...
compiling tasks.c...
compiling heap_2.c...
compiling port.c...
assembling portASM.s...
compiling spi.c...
spi.c(22): warning:  #550-D: variable "Dummy" was set but never used
spi.c(47): warning:  #550-D: variable "Dummy" was set but never used
spi.c(95): warning:  #550-D: variable "Dummy" was set but never used
compiling pwm.c...
compiling motion_control.c...
compiling Lcd.c...
assembling Startup.s...
compiling adc.c...
linking...
Program Size: Code=24736 RO-data=176 RW-data=108 ZI-data=15300  
FromELF: creating hex file...
"state_collector.axf" - 0 Error(s), 4 Warning(s).
Build target 'Target 1'
compiling main.c...
uart.h(126): warning:  #1-D: last line of file ends without a newline
compiling list.c...
compiling queue.c...
compiling tasks.c...
compiling heap_2.c...
compiling port.c...
assembling portASM.s...
compiling spi.c...
spi.c(22): warning:  #550-D: variable "Dummy" was set but never used
spi.c(47): warning:  #550-D: variable "Dummy" was set but never used
spi.c(95): warning:  #550-D: variable "Dummy" was set but never used
compiling pwm.c...
compiling motion_control.c...
compiling Lcd.c...
assembling Startup.s...
compiling adc.c...
linking...
Program Size: Code=24744 RO-data=176 RW-data=108 ZI-data=15300  
FromELF: creating hex file...
"state_collector.axf" - 0 Error(s), 4 Warning(s).
Build target 'Target 1'
compiling main.c...
uart.h(126): warning:  #1-D: last line of file ends without a newline
linking...
Program Size: Code=24736 RO-data=176 RW-data=108 ZI-data=15300  
FromELF: creating hex file...
"state_collector.axf" - 0 Error(s), 1 Warning(s).
Build target 'Target 1'
compiling main.c...
uart.h(126): warning:  #1-D: last line of file ends without a newline
main.c(78): warning:  #223-D: function "strcmpi" declared implicitly
main.c(82): error:  #137: expression must be a modifiable lvalue
Target not created
Build target 'Target 1'
compiling main.c...
uart.h(126): warning:  #1-D: last line of file ends without a newline
main.c(78): warning:  #223-D: function "strcmpi" declared implicitly
main.c(82): error:  #137: expression must be a modifiable lvalue
compiling list.c...
compiling queue.c...
compiling tasks.c...
compiling heap_2.c...
compiling port.c...
assembling portASM.s...
compiling spi.c...
spi.c(22): warning:  #550-D: variable "Dummy" was set but never used
spi.c(47): warning:  #550-D: variable "Dummy" was set but never used
spi.c(95): warning:  #550-D: variable "Dummy" was set but never used
compiling pwm.c...
compiling motion_control.c...
compiling Lcd.c...
assembling Startup.s...
compiling adc.c...
Target not created
Build target 'Target 1'
compiling main.c...
uart.h(126): warning:  #1-D: last line of file ends without a newline
main.c(81): error:  #137: expression must be a modifiable lvalue
Target not created
Build target 'Target 1'
compiling main.c...
uart.h(126): warning:  #1-D: last line of file ends without a newline
main.c(81): error:  #137: expression must be a modifiable lvalue
compiling list.c...
compiling queue.c...
compiling tasks.c...
compiling heap_2.c...
compiling port.c...
assembling portASM.s...
compiling spi.c...
spi.c(22): warning:  #550-D: variable "Dummy" was set but never used
spi.c(47): warning:  #550-D: variable "Dummy" was set but never used
spi.c(95): warning:  #550-D: variable "Dummy" was set but never used
compiling pwm.c...
compiling motion_control.c...
compiling Lcd.c...
assembling Startup.s...
compiling adc.c...
Target not created
Build target 'Target 1'
compiling main.c...
uart.h(126): warning:  #1-D: last line of file ends without a newline
linking...
Program Size: Code=24736 RO-data=176 RW-data=108 ZI-data=15300  
FromELF: creating hex file...
"state_collector.axf" - 0 Error(s), 1 Warning(s).
Build target 'Target 1'
compiling main.c...
uart.h(126): warning:  #1-D: last line of file ends without a newline
linking...
Program Size: Code=24696 RO-data=176 RW-data=108 ZI-data=15300  
FromELF: creating hex file...
"state_collector.axf" - 0 Error(s), 1 Warning(s).
Build target 'Target 1'
compiling main.c...
uart.h(126): warning:  #1-D: last line of file ends without a newline
main.c(100): error:  #137: expression must be a modifiable lvalue
main.c(100): error:  #17: expected a "]"
Target not created
Build target 'Target 1'
compiling main.c...
uart.h(126): warning:  #1-D: last line of file ends without a newline
linking...
Program Size: Code=24712 RO-data=176 RW-data=108 ZI-data=15300  
FromELF: creating hex file...
"state_collector.axf" - 0 Error(s), 1 Warning(s).
Build target 'Target 1'
compiling main.c...
uart.h(126): warning:  #1-D: last line of file ends without a newline
compiling list.c...
compiling queue.c...
compiling tasks.c...
compiling heap_2.c...
compiling port.c...
assembling portASM.s...
compiling spi.c...
spi.c(22): warning:  #550-D: variable "Dummy" was set but never used
spi.c(47): warning:  #550-D: variable "Dummy" was set but never used
spi.c(95): warning:  #550-D: variable "Dummy" was set but never used
compiling pwm.c...
compiling motion_control.c...
compiling Lcd.c...
assembling Startup.s...
compiling adc.c...
linking...
Program Size: Code=24712 RO-data=176 RW-data=108 ZI-data=15300  
FromELF: creating hex file...
"state_collector.axf" - 0 Error(s), 4 Warning(s).
Build target 'Target 1'
compiling main.c...
uart.h(126): warning:  #1-D: last line of file ends without a newline
linking...
Program Size: Code=24712 RO-data=176 RW-data=108 ZI-data=15300  
FromELF: creating hex file...
"state_collector.axf" - 0 Error(s), 1 Warning(s).
Build target 'Target 1'
compiling main.c...
uart.h(126): warning:  #1-D: last line of file ends without a newline
linking...
Program Size: Code=24712 RO-data=176 RW-data=108 ZI-data=15300  
FromELF: creating hex file...
"state_collector.axf" - 0 Error(s), 1 Warning(s).
