<html>
<body>
<pre>
<h1>µVision Build Log</h1>
<h2>Project:</h2>
C:\Users\SUMAKAR\Documents\RtOs\State_collector\state_collector.uvproj
Project File Date:  07/12/2016

<h2>Output:</h2>
Build target 'Target 1'
compiling main.c...
compiling list.c...
compiling queue.c...
compiling tasks.c...
compiling heap_2.c...
compiling port.c...
assembling portASM.s...
compiling spi.c...
spi.c(22): warning:  #550-D: variable "Dummy" was set but never used
spi.c(47): warning:  #550-D: variable "Dummy" was set but never used
spi.c(95): warning:  #550-D: variable "Dummy" was set but never used
compiling pwm.c...
compiling motion_control.c...
compiling Lcd.c...
assembling Startup.s...
compiling adc.c...
linking...
Program Size: Code=24712 RO-data=176 RW-data=108 ZI-data=15300  
FromELF: creating hex file...
"state_collector.axf" - 0 Error(s), 3 Warning(s).
Build target 'Target 1'
compiling main.c...
compiling list.c...
compiling queue.c...
compiling tasks.c...
compiling heap_2.c...
compiling port.c...
assembling portASM.s...
compiling spi.c...
spi.c(22): warning:  #550-D: variable "Dummy" was set but never used
spi.c(47): warning:  #550-D: variable "Dummy" was set but never used
spi.c(95): warning:  #550-D: variable "Dummy" was set but never used
compiling pwm.c...
compiling motion_control.c...
compiling Lcd.c...
assembling Startup.s...
compiling adc.c...
linking...
Program Size: Code=24712 RO-data=176 RW-data=108 ZI-data=15300  
FromELF: creating hex file...
"state_collector.axf" - 0 Error(s), 3 Warning(s).
