<html>
<body>
<pre>
<h1>µVision Build Log</h1>
<h2>Project:</h2>
C:\Users\SUMAKAR\Documents\RtOs\Semaphore_mutex\Mutex.uvproj
Project File Date:  06/23/2016

<h2>Output:</h2>
Build target 'Target 1'
linking...
Program Size: Code=15724 RO-data=32 RW-data=104 ZI-data=15280  
FromELF: creating hex file...
"Mutex.axf" - 0 Error(s), 0 Warning(s).
Build target 'Target 1'
compiling main.c...
linking...
Program Size: Code=15724 RO-data=32 RW-data=104 ZI-data=15280  
FromELF: creating hex file...
"Mutex.axf" - 0 Error(s), 0 Warning(s).
