<html>
<body>
<pre>
<h1>µVision Build Log</h1>
<h2>Project:</h2>
C:\Users\SUMAKAR\Documents\RtOs\Queue\Q.uvproj
Project File Date:  06/30/2016

<h2>Output:</h2>
Build target 'Target 1'
compiling main.c...
main.c(132): warning:  #167-D: argument of type "void (*)(char *)" is incompatible with parameter of type "TaskFunction_t"
main.c(133): warning:  #167-D: argument of type "void (*)(char *)" is incompatible with parameter of type "TaskFunction_t"
main.c(134): warning:  #167-D: argument of type "void (*)(char *)" is incompatible with parameter of type "TaskFunction_t"
main.c(135): warning:  #167-D: argument of type "void (*)(char *)" is incompatible with parameter of type "TaskFunction_t"
linking...
Program Size: Code=13532 RO-data=124 RW-data=116 ZI-data=15276  
FromELF: creating hex file...
"Q.axf" - 0 Error(s), 4 Warning(s).
Build target 'Target 1'
compiling main.c...
main.c(91): warning:  #167-D: argument of type "char *" is incompatible with parameter of type "const unsigned char *"
main.c(135): warning:  #167-D: argument of type "void (*)(char *)" is incompatible with parameter of type "TaskFunction_t"
main.c(136): warning:  #167-D: argument of type "void (*)(char *)" is incompatible with parameter of type "TaskFunction_t"
main.c(137): warning:  #167-D: argument of type "void (*)(char *)" is incompatible with parameter of type "TaskFunction_t"
main.c(138): warning:  #167-D: argument of type "void (*)(char *)" is incompatible with parameter of type "TaskFunction_t"
linking...
Program Size: Code=13608 RO-data=64 RW-data=116 ZI-data=15276  
FromELF: creating hex file...
"Q.axf" - 0 Error(s), 5 Warning(s).
Build target 'Target 1'
compiling main.c...
main.c(91): warning:  #167-D: argument of type "char *" is incompatible with parameter of type "const unsigned char *"
main.c(135): warning:  #167-D: argument of type "void (*)(char *)" is incompatible with parameter of type "TaskFunction_t"
main.c(136): warning:  #167-D: argument of type "void (*)(char *)" is incompatible with parameter of type "TaskFunction_t"
main.c(137): warning:  #167-D: argument of type "void (*)(char *)" is incompatible with parameter of type "TaskFunction_t"
main.c(138): warning:  #167-D: argument of type "void (*)(char *)" is incompatible with parameter of type "TaskFunction_t"
linking...
Program Size: Code=13608 RO-data=64 RW-data=116 ZI-data=15276  
FromELF: creating hex file...
"Q.axf" - 0 Error(s), 5 Warning(s).
