<html>
<body>
<pre>
<h1>µVision Build Log</h1>
<h2>Project:</h2>
C:\Users\SUMAKAR\Documents\RtOs\Semaphore_mutex\Mutex.uvproj
Project File Date:  06/23/2016

<h2>Output:</h2>
Build target 'Target 1'
assembling Startup.s...
compiling main.c...
compiling list.c...
compiling queue.c...
compiling tasks.c...
compiling port.c...
assembling portASM.s...
compiling heap_2.c...
compiling LCD.c...
linking...
Program Size: Code=1052 RO-data=16 RW-data=0 ZI-data=1664  
FromELF: creating hex file...
"Mutex.axf" - 0 Error(s), 0 Warning(s).
Build target 'Target 1'
assembling Startup.s...
compiling main.c...
main.c(182): error:  #20: identifier "User_2" is undefined
compiling list.c...
compiling queue.c...
compiling tasks.c...
compiling port.c...
assembling portASM.s...
compiling heap_2.c...
compiling LCD.c...
Target not created
Build target 'Target 1'
assembling Startup.s...
compiling main.c...
compiling list.c...
compiling queue.c...
compiling tasks.c...
compiling port.c...
assembling portASM.s...
compiling heap_2.c...
compiling LCD.c...
linking...
Mutex.axf: Error: L6218E: Undefined symbol xQueueCreateMutex (referred from main.o).
Target not created
Build target 'Target 1'
assembling Startup.s...
compiling main.c...
compiling list.c...
compiling queue.c...
compiling tasks.c...
compiling port.c...
assembling portASM.s...
compiling heap_2.c...
compiling LCD.c...
linking...
Mutex.axf: Error: L6218E: Undefined symbol xQueueCreateMutex (referred from main.o).
Target not created
Build target 'Target 1'
assembling Startup.s...
compiling main.c...
compiling list.c...
compiling queue.c...
compiling tasks.c...
compiling port.c...
assembling portASM.s...
compiling heap_2.c...
compiling LCD.c...
linking...
Program Size: Code=15060 RO-data=32 RW-data=100 ZI-data=15276  
FromELF: creating hex file...
"Mutex.axf" - 0 Error(s), 0 Warning(s).
Build target 'Target 1'
assembling Startup.s...
compiling main.c...
compiling list.c...
compiling queue.c...
compiling tasks.c...
compiling port.c...
assembling portASM.s...
compiling heap_2.c...
compiling LCD.c...
linking...
Program Size: Code=15084 RO-data=32 RW-data=100 ZI-data=15276  
FromELF: creating hex file...
"Mutex.axf" - 0 Error(s), 0 Warning(s).
Build target 'Target 1'
compiling main.c...
linking...
Program Size: Code=15084 RO-data=32 RW-data=100 ZI-data=15276  
FromELF: creating hex file...
"Mutex.axf" - 0 Error(s), 0 Warning(s).
Build target 'Target 1'
compiling main.c...
main.c(184): warning:  #223-D: function "DealymSec" declared implicitly
linking...
Mutex.axf: Error: L6218E: Undefined symbol DealymSec (referred from main.o).
Target not created
Build target 'Target 1'
assembling Startup.s...
compiling main.c...
main.c(168): warning:  #223-D: function "BUZZER_OFF" declared implicitly
main.c(234): warning:  #223-D: function "DealymSec" declared implicitly
compiling list.c...
compiling queue.c...
compiling tasks.c...
compiling port.c...
assembling portASM.s...
compiling heap_2.c...
compiling LCD.c...
linking...
Mutex.axf: Error: L6218E: Undefined symbol BUZZER_OFF (referred from main.o).
Mutex.axf: Error: L6218E: Undefined symbol DealymSec (referred from main.o).
Mutex.axf: Error: L6218E: Undefined symbol DelaymSec (referred from main.o).
Target not created
Build target 'Target 1'
assembling Startup.s...
compiling main.c...
main.c(169): warning:  #223-D: function "BUZZER_OFF" declared implicitly
main.c(235): warning:  #223-D: function "DealymSec" declared implicitly
compiling list.c...
compiling queue.c...
compiling tasks.c...
compiling port.c...
assembling portASM.s...
compiling heap_2.c...
compiling LCD.c...
linking...
Mutex.axf: Error: L6218E: Undefined symbol BUZZER_OFF (referred from main.o).
Mutex.axf: Error: L6218E: Undefined symbol DealymSec (referred from main.o).
Target not created
Build target 'Target 1'
assembling Startup.s...
compiling main.c...
main.c(227): warning:  #223-D: function "DealymSec" declared implicitly
compiling list.c...
compiling queue.c...
compiling tasks.c...
compiling port.c...
assembling portASM.s...
compiling heap_2.c...
compiling LCD.c...
linking...
Mutex.axf: Error: L6218E: Undefined symbol DealymSec (referred from main.o).
Mutex.axf: Error: L6218E: Undefined symbol Init_Buzzer_Pin (referred from main.o).
Target not created
Build target 'Target 1'
assembling Startup.s...
compiling main.c...
main.c(230): warning:  #223-D: function "DealymSec" declared implicitly
compiling list.c...
compiling queue.c...
compiling tasks.c...
compiling port.c...
assembling portASM.s...
compiling heap_2.c...
compiling LCD.c...
linking...
Mutex.axf: Error: L6218E: Undefined symbol DealymSec (referred from main.o).
Mutex.axf: Error: L6218E: Undefined symbol Init_Buzzer_Pin (referred from main.o).
Target not created
Build target 'Target 1'
assembling Startup.s...
compiling main.c...
compiling list.c...
compiling queue.c...
compiling tasks.c...
compiling port.c...
assembling portASM.s...
compiling heap_2.c...
compiling LCD.c...
linking...
Mutex.axf: Error: L6218E: Undefined symbol Init_Buzzer_Pin (referred from main.o).
Target not created
Build target 'Target 1'
assembling Startup.s...
compiling main.c...
compiling list.c...
compiling queue.c...
compiling tasks.c...
compiling port.c...
assembling portASM.s...
compiling heap_2.c...
compiling LCD.c...
linking...
Program Size: Code=15052 RO-data=32 RW-data=100 ZI-data=15276  
FromELF: creating hex file...
"Mutex.axf" - 0 Error(s), 0 Warning(s).
Build target 'Target 1'
compiling main.c...
linking...
Program Size: Code=15632 RO-data=32 RW-data=156 ZI-data=15276  
FromELF: creating hex file...
"Mutex.axf" - 0 Error(s), 0 Warning(s).
Build target 'Target 1'
assembling Startup.s...
compiling main.c...
compiling list.c...
compiling queue.c...
compiling tasks.c...
compiling port.c...
assembling portASM.s...
compiling heap_2.c...
compiling LCD.c...
linking...
Program Size: Code=15632 RO-data=32 RW-data=156 ZI-data=15276  
FromELF: creating hex file...
"Mutex.axf" - 0 Error(s), 0 Warning(s).
Build target 'Target 1'
compiling main.c...
compiling list.c...
compiling queue.c...
compiling tasks.c...
compiling port.c...
assembling portASM.s...
compiling heap_2.c...
compiling LCD.c...
assembling Startup.s...
linking...
Program Size: Code=15632 RO-data=32 RW-data=156 ZI-data=15276  
FromELF: creating hex file...
"Mutex.axf" - 0 Error(s), 0 Warning(s).
Build target 'Target 1'
compiling main.c...
compiling list.c...
compiling queue.c...
compiling tasks.c...
compiling port.c...
assembling portASM.s...
compiling heap_2.c...
compiling LCD.c...
assembling Startup.s...
linking...
Program Size: Code=15892 RO-data=32 RW-data=156 ZI-data=15276  
FromELF: creating hex file...
"Mutex.axf" - 0 Error(s), 0 Warning(s).
Build target 'Target 1'
compiling main.c...
compiling list.c...
compiling queue.c...
compiling tasks.c...
compiling port.c...
assembling portASM.s...
compiling heap_2.c...
compiling LCD.c...
assembling Startup.s...
linking...
Program Size: Code=15512 RO-data=32 RW-data=100 ZI-data=15276  
FromELF: creating hex file...
"Mutex.axf" - 0 Error(s), 0 Warning(s).
Build target 'Target 1'
compiling main.c...
compiling list.c...
compiling queue.c...
compiling tasks.c...
compiling port.c...
assembling portASM.s...
compiling heap_2.c...
compiling LCD.c...
assembling Startup.s...
linking...
Program Size: Code=15936 RO-data=32 RW-data=104 ZI-data=15280  
FromELF: creating hex file...
"Mutex.axf" - 0 Error(s), 0 Warning(s).
Build target 'Target 1'
compiling main.c...
compiling list.c...
compiling queue.c...
compiling tasks.c...
compiling port.c...
assembling portASM.s...
compiling heap_2.c...
compiling LCD.c...
assembling Startup.s...
linking...
Program Size: Code=15936 RO-data=32 RW-data=104 ZI-data=15280  
FromELF: creating hex file...
"Mutex.axf" - 0 Error(s), 0 Warning(s).
Build target 'Target 1'
compiling main.c...
compiling list.c...
compiling queue.c...
compiling tasks.c...
compiling port.c...
assembling portASM.s...
compiling heap_2.c...
compiling LCD.c...
assembling Startup.s...
linking...
Program Size: Code=15976 RO-data=32 RW-data=104 ZI-data=15280  
FromELF: creating hex file...
"Mutex.axf" - 0 Error(s), 0 Warning(s).
Build target 'Target 1'
compiling main.c...
main.c(363): error:  #8: missing closing quote
main.c(364): error:  #7: unrecognized token
main.c(364): error:  #18: expected a ")"
main.c(364): error:  #8: missing closing quote
compiling list.c...
compiling queue.c...
compiling tasks.c...
compiling port.c...
assembling portASM.s...
compiling heap_2.c...
compiling LCD.c...
assembling Startup.s...
Target not created
Build target 'Target 1'
compiling main.c...
linking...
Program Size: Code=15976 RO-data=32 RW-data=104 ZI-data=15280  
FromELF: creating hex file...
"Mutex.axf" - 0 Error(s), 0 Warning(s).
Build target 'Target 1'
compiling main.c...
compiling list.c...
compiling queue.c...
compiling tasks.c...
compiling port.c...
assembling portASM.s...
compiling heap_2.c...
compiling LCD.c...
assembling Startup.s...
linking...
Program Size: Code=15940 RO-data=32 RW-data=104 ZI-data=15280  
FromELF: creating hex file...
"Mutex.axf" - 0 Error(s), 0 Warning(s).
Build target 'Target 1'
compiling main.c...
linking...
Program Size: Code=15944 RO-data=32 RW-data=104 ZI-data=15280  
FromELF: creating hex file...
"Mutex.axf" - 0 Error(s), 0 Warning(s).
Build target 'Target 1'
compiling main.c...
compiling list.c...
compiling queue.c...
compiling tasks.c...
compiling port.c...
assembling portASM.s...
compiling heap_2.c...
compiling LCD.c...
assembling Startup.s...
linking...
Program Size: Code=15960 RO-data=32 RW-data=104 ZI-data=15280  
FromELF: creating hex file...
"Mutex.axf" - 0 Error(s), 0 Warning(s).
Build target 'Target 1'
compiling main.c...
main.c(310): error:  #20: identifier "pdfALSE" is undefined
compiling list.c...
compiling queue.c...
compiling tasks.c...
compiling port.c...
assembling portASM.s...
compiling heap_2.c...
compiling LCD.c...
assembling Startup.s...
Target not created
Build target 'Target 1'
compiling main.c...
linking...
Program Size: Code=15960 RO-data=32 RW-data=104 ZI-data=15280  
FromELF: creating hex file...
"Mutex.axf" - 0 Error(s), 0 Warning(s).
Build target 'Target 1'
compiling main.c...
linking...
Program Size: Code=15960 RO-data=32 RW-data=104 ZI-data=15280  
FromELF: creating hex file...
"Mutex.axf" - 0 Error(s), 0 Warning(s).
Build target 'Target 1'
compiling main.c...
compiling list.c...
compiling queue.c...
compiling tasks.c...
compiling port.c...
assembling portASM.s...
compiling heap_2.c...
compiling LCD.c...
assembling Startup.s...
linking...
Program Size: Code=15944 RO-data=32 RW-data=104 ZI-data=15280  
FromELF: creating hex file...
"Mutex.axf" - 0 Error(s), 0 Warning(s).
Build target 'Target 1'
compiling main.c...
compiling list.c...
compiling queue.c...
compiling tasks.c...
compiling port.c...
assembling portASM.s...
compiling heap_2.c...
compiling LCD.c...
assembling Startup.s...
linking...
Program Size: Code=15944 RO-data=32 RW-data=104 ZI-data=15280  
FromELF: creating hex file...
"Mutex.axf" - 0 Error(s), 0 Warning(s).
Build target 'Target 1'
compiling main.c...
linking...
Program Size: Code=15944 RO-data=32 RW-data=104 ZI-data=15280  
FromELF: creating hex file...
"Mutex.axf" - 0 Error(s), 0 Warning(s).
Build target 'Target 1'
compiling main.c...
compiling list.c...
compiling queue.c...
compiling tasks.c...
compiling port.c...
assembling portASM.s...
compiling heap_2.c...
compiling LCD.c...
assembling Startup.s...
linking...
Program Size: Code=15928 RO-data=32 RW-data=104 ZI-data=15280  
FromELF: creating hex file...
"Mutex.axf" - 0 Error(s), 0 Warning(s).
Build target 'Target 1'
compiling main.c...
linking...
Program Size: Code=15928 RO-data=32 RW-data=104 ZI-data=15280  
FromELF: creating hex file...
"Mutex.axf" - 0 Error(s), 0 Warning(s).
Build target 'Target 1'
compiling main.c...
compiling list.c...
compiling queue.c...
compiling tasks.c...
compiling port.c...
assembling portASM.s...
compiling heap_2.c...
compiling LCD.c...
assembling Startup.s...
linking...
Program Size: Code=15928 RO-data=32 RW-data=104 ZI-data=15280  
FromELF: creating hex file...
"Mutex.axf" - 0 Error(s), 0 Warning(s).
Build target 'Target 1'
compiling main.c...
linking...
Program Size: Code=15912 RO-data=32 RW-data=104 ZI-data=15280  
FromELF: creating hex file...
"Mutex.axf" - 0 Error(s), 0 Warning(s).
Build target 'Target 1'
compiling main.c...
linking...
Program Size: Code=15944 RO-data=32 RW-data=104 ZI-data=15280  
FromELF: creating hex file...
"Mutex.axf" - 0 Error(s), 0 Warning(s).
Build target 'Target 1'
compiling main.c...
linking...
Program Size: Code=15944 RO-data=32 RW-data=104 ZI-data=15280  
FromELF: creating hex file...
"Mutex.axf" - 0 Error(s), 0 Warning(s).
Build target 'Target 1'
compiling main.c...
linking...
Program Size: Code=15936 RO-data=32 RW-data=104 ZI-data=15280  
FromELF: creating hex file...
"Mutex.axf" - 0 Error(s), 0 Warning(s).
Build target 'Target 1'
compiling main.c...
linking...
Program Size: Code=15944 RO-data=32 RW-data=104 ZI-data=15280  
FromELF: creating hex file...
"Mutex.axf" - 0 Error(s), 0 Warning(s).
Build target 'Target 1'
compiling main.c...
compiling list.c...
compiling queue.c...
compiling tasks.c...
compiling port.c...
assembling portASM.s...
compiling heap_2.c...
compiling LCD.c...
assembling Startup.s...
linking...
Program Size: Code=15964 RO-data=32 RW-data=104 ZI-data=15280  
FromELF: creating hex file...
"Mutex.axf" - 0 Error(s), 0 Warning(s).
Build target 'Target 1'
compiling main.c...
compiling list.c...
compiling queue.c...
compiling tasks.c...
compiling port.c...
assembling portASM.s...
compiling heap_2.c...
compiling LCD.c...
assembling Startup.s...
linking...
Program Size: Code=15980 RO-data=32 RW-data=104 ZI-data=15280  
FromELF: creating hex file...
"Mutex.axf" - 0 Error(s), 0 Warning(s).
Build target 'Target 1'
compiling main.c...
compiling list.c...
compiling queue.c...
compiling tasks.c...
compiling port.c...
assembling portASM.s...
compiling heap_2.c...
compiling LCD.c...
assembling Startup.s...
linking...
Program Size: Code=15980 RO-data=32 RW-data=104 ZI-data=15280  
FromELF: creating hex file...
"Mutex.axf" - 0 Error(s), 0 Warning(s).
Build target 'Target 1'
compiling main.c...
compiling list.c...
compiling queue.c...
compiling tasks.c...
compiling port.c...
assembling portASM.s...
compiling heap_2.c...
compiling LCD.c...
assembling Startup.s...
linking...
Program Size: Code=15976 RO-data=32 RW-data=104 ZI-data=15280  
FromELF: creating hex file...
"Mutex.axf" - 0 Error(s), 0 Warning(s).
Build target 'Target 1'
compiling main.c...
linking...
Program Size: Code=15976 RO-data=32 RW-data=104 ZI-data=15280  
FromELF: creating hex file...
"Mutex.axf" - 0 Error(s), 0 Warning(s).
Build target 'Target 1'
compiling main.c...
linking...
Program Size: Code=15960 RO-data=32 RW-data=104 ZI-data=15280  
FromELF: creating hex file...
"Mutex.axf" - 0 Error(s), 0 Warning(s).
Build target 'Target 1'
compiling main.c...
linking...
Program Size: Code=15668 RO-data=32 RW-data=104 ZI-data=15280  
FromELF: creating hex file...
"Mutex.axf" - 0 Error(s), 0 Warning(s).
Build target 'Target 1'
compiling main.c...
linking...
Program Size: Code=15668 RO-data=32 RW-data=104 ZI-data=15280  
FromELF: creating hex file...
"Mutex.axf" - 0 Error(s), 0 Warning(s).
Build target 'Target 1'
compiling main.c...
linking...
Program Size: Code=15668 RO-data=32 RW-data=104 ZI-data=15280  
FromELF: creating hex file...
"Mutex.axf" - 0 Error(s), 0 Warning(s).
Build target 'Target 1'
compiling main.c...
main.c(76): warning:  #9-D: nested comment is not allowed
main.c(348): warning:  #223-D: function "DelaymSec" declared implicitly
compiling list.c...
compiling queue.c...
compiling tasks.c...
compiling port.c...
assembling portASM.s...
compiling heap_2.c...
compiling LCD.c...
assembling Startup.s...
linking...
Mutex.axf: Error: L6218E: Undefined symbol DelaymSec (referred from main.o).
Target not created
Build target 'Target 1'
compiling main.c...
main.c(76): warning:  #9-D: nested comment is not allowed
main.c(349): warning:  #223-D: function "DelaymSec" declared implicitly
linking...
Mutex.axf: Error: L6218E: Undefined symbol DelaymSec (referred from main.o).
Target not created
Build target 'Target 1'
compiling main.c...
main.c(76): warning:  #9-D: nested comment is not allowed
linking...
Program Size: Code=15668 RO-data=32 RW-data=104 ZI-data=15280  
FromELF: creating hex file...
"Mutex.axf" - 0 Error(s), 1 Warning(s).
Build target 'Target 1'
compiling main.c...
linking...
Program Size: Code=15668 RO-data=32 RW-data=104 ZI-data=15280  
FromELF: creating hex file...
"Mutex.axf" - 0 Error(s), 0 Warning(s).
Build target 'Target 1'
compiling main.c...
linking...
Program Size: Code=15668 RO-data=32 RW-data=104 ZI-data=15280  
FromELF: creating hex file...
"Mutex.axf" - 0 Error(s), 0 Warning(s).
