<html>
<body>
<pre>
<h1>µVision Build Log</h1>
<h2>Project:</h2>
C:\Users\SUMAKAR\Documents\RtOs\Queue\Q.uvproj
Project File Date:  06/30/2016

<h2>Output:</h2>
Build target 'Target 1'
compiling main.c...
main.c(79): error:  #65: expected a ";"
main.c(173): error:  #167: argument of type "unsigned char" is incompatible with parameter of type "const void *const"
main.c(188): error:  #20: identifier "s2" is undefined
main.c(202): error:  #20: identifier "s3" is undefined
main.c(216): error:  #20: identifier "s4" is undefined
main.c(230): error:  #20: identifier "rp" is undefined
Target not created
Build target 'Target 1'
compiling main.c...
main.c(79): error:  #65: expected a ";"
main.c(173): error:  #167: argument of type "char" is incompatible with parameter of type "const void *const"
main.c(188): error:  #20: identifier "s2" is undefined
main.c(202): error:  #20: identifier "s3" is undefined
main.c(216): error:  #20: identifier "s4" is undefined
main.c(230): error:  #20: identifier "rp" is undefined
Target not created
Build target 'Target 1'
compiling main.c...
main.c(79): error:  #65: expected a ";"
main.c(173): error:  #167: argument of type "char" is incompatible with parameter of type "const void *const"
main.c(188): error:  #20: identifier "s2" is undefined
main.c(202): error:  #20: identifier "s3" is undefined
main.c(216): error:  #20: identifier "s4" is undefined
main.c(230): error:  #20: identifier "rp" is undefined
Target not created
Build target 'Target 1'
compiling main.c...
linking...
Program Size: Code=13808 RO-data=108 RW-data=104 ZI-data=15280  
FromELF: creating hex file...
"Q.axf" - 0 Error(s), 0 Warning(s).
Build target 'Target 1'
compiling main.c...
main.c(79): error:  #65: expected a ";"
main.c(188): error:  #20: identifier "s2" is undefined
main.c(202): error:  #20: identifier "s3" is undefined
main.c(216): error:  #20: identifier "s4" is undefined
main.c(230): error:  #20: identifier "rp" is undefined
Target not created
Build target 'Target 1'
compiling main.c...
main.c(79): error:  #65: expected a ";"
main.c(80): error:  #65: expected a ";"
main.c(81): error:  #65: expected a ";"
main.c(82): error:  #144: a value of type "char *" cannot be used to initialize an entity of type "char"
main.c(220): error:  #20: identifier "s4" is undefined
main.c(235): warning:  #167-D: argument of type "char *" is incompatible with parameter of type "const unsigned char *"
Target not created
Build target 'Target 1'
compiling main.c...
main.c(79): error:  #65: expected a ";"
main.c(80): error:  #65: expected a ";"
main.c(81): error:  #65: expected a ";"
main.c(82): error:  #144: a value of type "char *" cannot be used to initialize an entity of type "char"
main.c(235): warning:  #167-D: argument of type "char *" is incompatible with parameter of type "const unsigned char *"
Target not created
Build target 'Target 1'
compiling main.c...
main.c(79): error:  #65: expected a ";"
main.c(80): error:  #65: expected a ";"
main.c(81): error:  #65: expected a ";"
main.c(82): error:  #144: a value of type "char *" cannot be used to initialize an entity of type "char"
main.c(235): warning:  #167-D: argument of type "char *" is incompatible with parameter of type "const unsigned char *"
Target not created
Build target 'Target 1'
compiling main.c...
main.c(79): error:  #65: expected a ";"
main.c(80): error:  #65: expected a ";"
main.c(81): error:  #65: expected a ";"
main.c(82): error:  #144: a value of type "char *" cannot be used to initialize an entity of type "char"
main.c(177): error:  #18: expected a ")"
main.c(192): error:  #18: expected a ")"
main.c(206): error:  #18: expected a ")"
main.c(220): error:  #18: expected a ")"
main.c(234): error:  #18: expected a ")"
main.c(235): warning:  #167-D: argument of type "char *" is incompatible with parameter of type "const unsigned char *"
Target not created
Build target 'Target 1'
assembling Startup.s...
compiling list.c...
compiling queue.c...
compiling tasks.c...
compiling port.c...
assembling portASM.s...
compiling heap_2.c...
compiling main.c...
linking...
Program Size: Code=13808 RO-data=108 RW-data=104 ZI-data=15280  
FromELF: creating hex file...
"Q.axf" - 0 Error(s), 0 Warning(s).
Build target 'Target 1'
compiling main.c...
main.c(231): warning:  #167-D: argument of type "char *" is incompatible with parameter of type "const unsigned char *"
linking...
Program Size: Code=13808 RO-data=32 RW-data=180 ZI-data=15276  
FromELF: creating hex file...
"Q.axf" - 0 Error(s), 1 Warning(s).
Build target 'Target 1'
compiling main.c...
main.c(231): warning:  #167-D: argument of type "char *" is incompatible with parameter of type "const unsigned char *"
linking...
Program Size: Code=13812 RO-data=32 RW-data=180 ZI-data=15276  
FromELF: creating hex file...
"Q.axf" - 0 Error(s), 1 Warning(s).
Build target 'Target 1'
compiling main.c...
main.c(79): error:  #77-D: this declaration has no storage class or type specifier
main.c(79): error:  #65: expected a ";"
main.c(173): error:  #20: identifier "s1" is undefined
main.c(188): error:  #20: identifier "s2" is undefined
main.c(202): error:  #20: identifier "s3" is undefined
main.c(216): error:  #20: identifier "s4" is undefined
main.c(230): error:  #20: identifier "rp" is undefined
main.c(251): error:  #20: identifier "s1" is undefined
Target not created
Build target 'Target 1'
compiling main.c...
main.c(79): error:  #77-D: this declaration has no storage class or type specifier
main.c(79): error:  #65: expected a ";"
main.c(173): error:  #20: identifier "s1" is undefined
main.c(188): error:  #20: identifier "s2" is undefined
main.c(202): error:  #20: identifier "s3" is undefined
main.c(216): error:  #20: identifier "s4" is undefined
main.c(230): error:  #20: identifier "rp" is undefined
main.c(251): error:  #20: identifier "s1" is undefined
Target not created
Build target 'Target 1'
compiling main.c...
main.c(79): error:  #77-D: this declaration has no storage class or type specifier
main.c(79): error:  #65: expected a ";"
main.c(173): error:  #20: identifier "s1" is undefined
main.c(188): error:  #20: identifier "s2" is undefined
main.c(202): error:  #20: identifier "s3" is undefined
main.c(216): error:  #20: identifier "s4" is undefined
main.c(230): error:  #20: identifier "rp" is undefined
main.c(251): error:  #20: identifier "s1" is undefined
Target not created
Build target 'Target 1'
assembling Startup.s...
compiling list.c...
compiling queue.c...
compiling tasks.c...
compiling port.c...
assembling portASM.s...
compiling heap_2.c...
compiling main.c...
main.c(79): error:  #77-D: this declaration has no storage class or type specifier
main.c(79): error:  #65: expected a ";"
main.c(173): error:  #20: identifier "s1" is undefined
main.c(188): error:  #20: identifier "s2" is undefined
main.c(202): error:  #20: identifier "s3" is undefined
main.c(216): error:  #20: identifier "s4" is undefined
main.c(230): error:  #20: identifier "rp" is undefined
main.c(251): error:  #20: identifier "s1" is undefined
Target not created
Build target 'Target 1'
assembling Startup.s...
compiling list.c...
compiling queue.c...
compiling tasks.c...
compiling port.c...
assembling portASM.s...
compiling heap_2.c...
compiling main.c...
linking...
Program Size: Code=13812 RO-data=108 RW-data=120 ZI-data=15280  
FromELF: creating hex file...
"Q.axf" - 0 Error(s), 0 Warning(s).
Build target 'Target 1'
linking...
Program Size: Code=13812 RO-data=108 RW-data=120 ZI-data=15280  
FromELF: creating hex file...
"Q.axf" - 0 Error(s), 0 Warning(s).
Build target 'Target 1'
compiling main.c...
linking...
Program Size: Code=13864 RO-data=108 RW-data=120 ZI-data=15280  
FromELF: creating hex file...
"Q.axf" - 0 Error(s), 0 Warning(s).
Build target 'Target 1'
compiling main.c...
linking...
Program Size: Code=13888 RO-data=108 RW-data=120 ZI-data=15280  
FromELF: creating hex file...
"Q.axf" - 0 Error(s), 0 Warning(s).
Build target 'Target 1'
compiling main.c...
linking...
Program Size: Code=13904 RO-data=108 RW-data=120 ZI-data=15280  
FromELF: creating hex file...
"Q.axf" - 0 Error(s), 0 Warning(s).
Build target 'Target 1'
compiling main.c...
linking...
Program Size: Code=13788 RO-data=108 RW-data=120 ZI-data=15280  
FromELF: creating hex file...
"Q.axf" - 0 Error(s), 0 Warning(s).
Build target 'Target 1'
compiling main.c...
linking...
Program Size: Code=13788 RO-data=108 RW-data=120 ZI-data=15280  
FromELF: creating hex file...
"Q.axf" - 0 Error(s), 0 Warning(s).
Build target 'Target 1'
compiling main.c...
linking...
Program Size: Code=13888 RO-data=108 RW-data=120 ZI-data=15280  
FromELF: creating hex file...
"Q.axf" - 0 Error(s), 0 Warning(s).
Build target 'Target 1'
compiling main.c...
linking...
Program Size: Code=13936 RO-data=108 RW-data=120 ZI-data=15280  
FromELF: creating hex file...
"Q.axf" - 0 Error(s), 0 Warning(s).
Build target 'Target 1'
compiling main.c...
main.c(6): error:  #5: cannot open source input file "lcd.h": No such file or directory
Target not created
compiling main.c...
main.c(94): warning:  #167-D: argument of type "char *" is incompatible with parameter of type "const unsigned char *"
main.c(95): warning:  #223-D: function "LCD_Print" declared implicitly
main.c(127): warning:  #223-D: function "LCD_Print" declared implicitly
main.c(146): warning:  #223-D: function "Init_LCD_Pin" declared implicitly
main.c(147): warning:  #223-D: function "LCD_Init" declared implicitly
main.c(148): warning:  #223-D: function "LCD_Command" declared implicitly
main.c(149): warning:  #223-D: function "LCD_4Bit_Mode" declared implicitly
main.c - 0 Error(s), 7 Warning(s).
Build target 'Target 1'
compiling main.c...
main.c(94): warning:  #167-D: argument of type "char *" is incompatible with parameter of type "const unsigned char *"
linking...
Program Size: Code=13580 RO-data=32 RW-data=100 ZI-data=15276  
FromELF: creating hex file...
"Q.axf" - 0 Error(s), 1 Warning(s).
Build target 'Target 1'
compiling main.c...
main.c(94): warning:  #167-D: argument of type "char *" is incompatible with parameter of type "const unsigned char *"
main.c(127): warning:  #167-D: argument of type "char *" is incompatible with parameter of type "const unsigned char *"
main.c(160): warning:  #167-D: argument of type "char *" is incompatible with parameter of type "const unsigned char *"
main.c(193): warning:  #167-D: argument of type "char *" is incompatible with parameter of type "const unsigned char *"
linking...
Program Size: Code=14260 RO-data=32 RW-data=100 ZI-data=15276  
FromELF: creating hex file...
"Q.axf" - 0 Error(s), 4 Warning(s).
Build target 'Target 1'
compiling main.c...
linking...
Program Size: Code=13896 RO-data=108 RW-data=120 ZI-data=15280  
FromELF: creating hex file...
"Q.axf" - 0 Error(s), 0 Warning(s).
Build target 'Target 1'
compiling main.c...
main.c(242): warning:  #167-D: argument of type "char *" is incompatible with parameter of type "const unsigned char *"
linking...
Program Size: Code=13896 RO-data=108 RW-data=120 ZI-data=15280  
FromELF: creating hex file...
"Q.axf" - 0 Error(s), 1 Warning(s).
Build target 'Target 1'
compiling main.c...
main.c(242): warning:  #167-D: argument of type "char *" is incompatible with parameter of type "const unsigned char *"
linking...
Program Size: Code=13896 RO-data=108 RW-data=120 ZI-data=15280  
FromELF: creating hex file...
"Q.axf" - 0 Error(s), 1 Warning(s).
Build target 'Target 1'
compiling main.c...
main.c(18): error:  #77-D: this declaration has no storage class or type specifier
main.c(18): error:  #147: declaration is incompatible with "unsigned char *rxptr" (declared at line 17)
main.c(18): error:  #144: a value of type "unsigned char *" cannot be used to initialize an entity of type "int"
main.c(98): error:  #20: identifier "tx_success_count" is undefined
main.c(126): error:  #20: identifier "tx_success_count" is undefined
main.c(155): error:  #20: identifier "tx_success_count" is undefined
main.c(183): error:  #20: identifier "tx_success_count" is undefined
main.c(206): error:  #167: argument of type "int" is incompatible with parameter of type "void *const"
main.c(213): error:  #167: argument of type "int" is incompatible with parameter of type "const unsigned char *"
Target not created
Build target 'Target 1'
compiling main.c...
main.c(155): error:  #20: identifier "tx_success_count" is undefined
Target not created
Build target 'Target 1'
compiling main.c...
linking...
Program Size: Code=14116 RO-data=120 RW-data=120 ZI-data=15280  
FromELF: creating hex file...
"Q.axf" - 0 Error(s), 0 Warning(s).
Build target 'Target 1'
compiling main.c...
main.c(94): warning:  #167-D: argument of type "char *" is incompatible with parameter of type "const unsigned char *"
main.c(127): warning:  #167-D: argument of type "char *" is incompatible with parameter of type "const unsigned char *"
main.c(160): warning:  #167-D: argument of type "char *" is incompatible with parameter of type "const unsigned char *"
main.c(192): warning:  #167-D: argument of type "char *" is incompatible with parameter of type "const unsigned char *"
linking...
Program Size: Code=14260 RO-data=32 RW-data=100 ZI-data=15276  
FromELF: creating hex file...
"Q.axf" - 0 Error(s), 4 Warning(s).
Build target 'Target 1'
compiling main.c...
main.c(91): warning:  #167-D: argument of type "char *" is incompatible with parameter of type "const unsigned char *"
main.c(120): warning:  #167-D: argument of type "char *" is incompatible with parameter of type "const unsigned char *"
main.c(150): warning:  #167-D: argument of type "char *" is incompatible with parameter of type "const unsigned char *"
main.c(182): warning:  #167-D: argument of type "char *" is incompatible with parameter of type "const unsigned char *"
linking...
Program Size: Code=14260 RO-data=32 RW-data=100 ZI-data=15276  
FromELF: creating hex file...
"Q.axf" - 0 Error(s), 4 Warning(s).
Build target 'Target 1'
compiling main.c...
linking...
Program Size: Code=13976 RO-data=32 RW-data=100 ZI-data=15276  
FromELF: creating hex file...
"Q.axf" - 0 Error(s), 0 Warning(s).
Build target 'Target 1'
compiling main.c...
main.c(226): error:  #127: expected a statement
Target not created
Build target 'Target 1'
assembling Startup.s...
compiling list.c...
compiling queue.c...
compiling tasks.c...
compiling port.c...
assembling portASM.s...
compiling heap_2.c...
compiling main.c...
linking...
Program Size: Code=13864 RO-data=32 RW-data=100 ZI-data=15276  
FromELF: creating hex file...
"Q.axf" - 0 Error(s), 0 Warning(s).
Build target 'Target 1'
compiling main.c...
linking...
Program Size: Code=13876 RO-data=32 RW-data=100 ZI-data=15276  
FromELF: creating hex file...
"Q.axf" - 0 Error(s), 0 Warning(s).
Build target 'Target 1'
linking...
Program Size: Code=13876 RO-data=32 RW-data=100 ZI-data=15276  
FromELF: creating hex file...
"Q.axf" - 0 Error(s), 0 Warning(s).
Build target 'Target 1'
compiling main.c...
main.c(87): error:  #127: expected a statement
main.c(94): warning:  #12-D: parsing restarts here after previous syntax error
main.c(98): error:  #268: declaration may not appear after executable statement in block
main.c(98): error:  #67: expected a "}"
Target not created
Build target 'Target 1'
compiling main.c...
linking...
Program Size: Code=13876 RO-data=32 RW-data=100 ZI-data=15276  
FromELF: creating hex file...
"Q.axf" - 0 Error(s), 0 Warning(s).
Build target 'Target 1'
compiling main.c...
linking...
Program Size: Code=13764 RO-data=32 RW-data=100 ZI-data=15276  
FromELF: creating hex file...
"Q.axf" - 0 Error(s), 0 Warning(s).
Build target 'Target 1'
compiling main.c...
linking...
Program Size: Code=13764 RO-data=32 RW-data=100 ZI-data=15276  
FromELF: creating hex file...
"Q.axf" - 0 Error(s), 0 Warning(s).
Build target 'Target 1'
compiling main.c...
linking...
Program Size: Code=13688 RO-data=32 RW-data=100 ZI-data=15276  
FromELF: creating hex file...
"Q.axf" - 0 Error(s), 0 Warning(s).
Build target 'Target 1'
compiling main.c...
linking...
Program Size: Code=13656 RO-data=32 RW-data=100 ZI-data=15276  
FromELF: creating hex file...
"Q.axf" - 0 Error(s), 0 Warning(s).
Build target 'Target 1'
compiling main.c...
linking...
Program Size: Code=13648 RO-data=32 RW-data=100 ZI-data=15276  
FromELF: creating hex file...
"Q.axf" - 0 Error(s), 0 Warning(s).
Build target 'Target 1'
compiling main.c...
linking...
Program Size: Code=13656 RO-data=32 RW-data=100 ZI-data=15276  
FromELF: creating hex file...
"Q.axf" - 0 Error(s), 0 Warning(s).
Build target 'Target 1'
compiling main.c...
main.c(119): warning:  #177-D: variable "tx_success_count" was declared but never referenced
linking...
Program Size: Code=13580 RO-data=120 RW-data=116 ZI-data=15276  
FromELF: creating hex file...
"Q.axf" - 0 Error(s), 1 Warning(s).
Build target 'Target 1'
compiling main.c...
linking...
Program Size: Code=13576 RO-data=120 RW-data=116 ZI-data=15276  
FromELF: creating hex file...
"Q.axf" - 0 Error(s), 0 Warning(s).
Build target 'Target 1'
compiling main.c...
linking...
Program Size: Code=13576 RO-data=120 RW-data=116 ZI-data=15276  
FromELF: creating hex file...
"Q.axf" - 0 Error(s), 0 Warning(s).
Build target 'Target 1'
compiling main.c...
linking...
Program Size: Code=13576 RO-data=212 RW-data=116 ZI-data=15276  
FromELF: creating hex file...
"Q.axf" - 0 Error(s), 0 Warning(s).
Build target 'Target 1'
compiling main.c...
linking...
Program Size: Code=13576 RO-data=212 RW-data=116 ZI-data=15276  
FromELF: creating hex file...
"Q.axf" - 0 Error(s), 0 Warning(s).
Build target 'Target 1'
compiling main.c...
linking...
Program Size: Code=13576 RO-data=144 RW-data=116 ZI-data=15276  
FromELF: creating hex file...
"Q.axf" - 0 Error(s), 0 Warning(s).
Build target 'Target 1'
compiling main.c...
linking...
Program Size: Code=13576 RO-data=124 RW-data=116 ZI-data=15276  
FromELF: creating hex file...
"Q.axf" - 0 Error(s), 0 Warning(s).
Build target 'Target 1'
linking...
Program Size: Code=13576 RO-data=124 RW-data=116 ZI-data=15276  
FromELF: creating hex file...
"Q.axf" - 0 Error(s), 0 Warning(s).
Build target 'Target 1'
compiling main.c...
main.c(84): error:  #147-D: declaration is incompatible with "void Txtask(void *)" (declared at line 81)
main.c(132): error:  #20: identifier "s1" is undefined
main.c(132): warning:  #167-D: argument of type "void (*)(char *)" is incompatible with parameter of type "TaskFunction_t"
main.c(133): error:  #20: identifier "s2" is undefined
main.c(133): warning:  #167-D: argument of type "void (*)(char *)" is incompatible with parameter of type "TaskFunction_t"
main.c(134): error:  #20: identifier "s3" is undefined
main.c(134): warning:  #167-D: argument of type "void (*)(char *)" is incompatible with parameter of type "TaskFunction_t"
main.c(135): error:  #20: identifier "s4" is undefined
main.c(135): warning:  #167-D: argument of type "void (*)(char *)" is incompatible with parameter of type "TaskFunction_t"
Target not created
Build target 'Target 1'
compiling main.c...
main.c(84): error:  #147-D: declaration is incompatible with "void Txtask(void *)" (declared at line 81)
main.c(132): warning:  #167-D: argument of type "void (*)(char *)" is incompatible with parameter of type "TaskFunction_t"
main.c(133): warning:  #167-D: argument of type "void (*)(char *)" is incompatible with parameter of type "TaskFunction_t"
main.c(134): warning:  #167-D: argument of type "void (*)(char *)" is incompatible with parameter of type "TaskFunction_t"
main.c(135): warning:  #167-D: argument of type "void (*)(char *)" is incompatible with parameter of type "TaskFunction_t"
Target not created
Build target 'Target 1'
compiling main.c...
main.c(84): error:  #147-D: declaration is incompatible with "void Txtask(void *)" (declared at line 81)
main.c(132): warning:  #167-D: argument of type "void (*)(char *)" is incompatible with parameter of type "TaskFunction_t"
main.c(133): warning:  #167-D: argument of type "void (*)(char *)" is incompatible with parameter of type "TaskFunction_t"
main.c(134): warning:  #167-D: argument of type "void (*)(char *)" is incompatible with parameter of type "TaskFunction_t"
main.c(135): warning:  #167-D: argument of type "void (*)(char *)" is incompatible with parameter of type "TaskFunction_t"
Target not created
Build target 'Target 1'
compiling main.c...
main.c(132): warning:  #167-D: argument of type "void (*)(char *)" is incompatible with parameter of type "TaskFunction_t"
main.c(133): warning:  #167-D: argument of type "void (*)(char *)" is incompatible with parameter of type "TaskFunction_t"
main.c(134): warning:  #167-D: argument of type "void (*)(char *)" is incompatible with parameter of type "TaskFunction_t"
main.c(135): warning:  #167-D: argument of type "void (*)(char *)" is incompatible with parameter of type "TaskFunction_t"
linking...
Program Size: Code=13488 RO-data=124 RW-data=116 ZI-data=15276  
FromELF: creating hex file...
"Q.axf" - 0 Error(s), 4 Warning(s).
Build target 'Target 1'
linking...
Program Size: Code=13488 RO-data=124 RW-data=116 ZI-data=15276  
FromELF: creating hex file...
"Q.axf" - 0 Error(s), 0 Warning(s).
Build target 'Target 1'
compiling main.c...
main.c(132): warning:  #167-D: argument of type "void (*)(char *)" is incompatible with parameter of type "TaskFunction_t"
main.c(133): warning:  #167-D: argument of type "void (*)(char *)" is incompatible with parameter of type "TaskFunction_t"
main.c(134): warning:  #167-D: argument of type "void (*)(char *)" is incompatible with parameter of type "TaskFunction_t"
main.c(135): warning:  #167-D: argument of type "void (*)(char *)" is incompatible with parameter of type "TaskFunction_t"
linking...
Program Size: Code=13488 RO-data=124 RW-data=116 ZI-data=15276  
FromELF: creating hex file...
"Q.axf" - 0 Error(s), 4 Warning(s).
Build target 'Target 1'
assembling Startup.s...
compiling list.c...
compiling queue.c...
compiling tasks.c...
compiling port.c...
assembling portASM.s...
compiling heap_2.c...
compiling main.c...
main.c(132): warning:  #167-D: argument of type "void (*)(char *)" is incompatible with parameter of type "TaskFunction_t"
main.c(133): warning:  #167-D: argument of type "void (*)(char *)" is incompatible with parameter of type "TaskFunction_t"
main.c(134): warning:  #167-D: argument of type "void (*)(char *)" is incompatible with parameter of type "TaskFunction_t"
main.c(135): warning:  #167-D: argument of type "void (*)(char *)" is incompatible with parameter of type "TaskFunction_t"
linking...
Program Size: Code=13488 RO-data=124 RW-data=116 ZI-data=15276  
FromELF: creating hex file...
"Q.axf" - 0 Error(s), 4 Warning(s).
Build target 'Target 1'
compiling main.c...
main.c(132): warning:  #167-D: argument of type "void (*)(char *)" is incompatible with parameter of type "TaskFunction_t"
main.c(133): warning:  #167-D: argument of type "void (*)(char *)" is incompatible with parameter of type "TaskFunction_t"
main.c(134): warning:  #167-D: argument of type "void (*)(char *)" is incompatible with parameter of type "TaskFunction_t"
main.c(135): warning:  #167-D: argument of type "void (*)(char *)" is incompatible with parameter of type "TaskFunction_t"
linking...
Program Size: Code=13516 RO-data=124 RW-data=116 ZI-data=15276  
FromELF: creating hex file...
"Q.axf" - 0 Error(s), 4 Warning(s).
Build target 'Target 1'
compiling main.c...
main.c(132): warning:  #167-D: argument of type "void (*)(char *)" is incompatible with parameter of type "TaskFunction_t"
main.c(133): warning:  #167-D: argument of type "void (*)(char *)" is incompatible with parameter of type "TaskFunction_t"
main.c(134): warning:  #167-D: argument of type "void (*)(char *)" is incompatible with parameter of type "TaskFunction_t"
main.c(135): warning:  #167-D: argument of type "void (*)(char *)" is incompatible with parameter of type "TaskFunction_t"
linking...
Program Size: Code=13516 RO-data=120 RW-data=116 ZI-data=15276  
FromELF: creating hex file...
"Q.axf" - 0 Error(s), 4 Warning(s).
Build target 'Target 1'
compiling main.c...
main.c(178): error:  #20: identifier "rxptr" is undefined
main.c(200): warning:  #167-D: argument of type "void (*)(char *)" is incompatible with parameter of type "TaskFunction_t"
main.c(201): warning:  #167-D: argument of type "void (*)(char *)" is incompatible with parameter of type "TaskFunction_t"
main.c(202): warning:  #167-D: argument of type "void (*)(char *)" is incompatible with parameter of type "TaskFunction_t"
main.c(203): warning:  #167-D: argument of type "void (*)(char *)" is incompatible with parameter of type "TaskFunction_t"
Target not created
Build target 'Target 1'
compiling main.c...
main.c(178): error:  #20: identifier "rxptr" is undefined
main.c(200): warning:  #167-D: argument of type "void (*)(char *)" is incompatible with parameter of type "TaskFunction_t"
main.c(201): warning:  #167-D: argument of type "void (*)(char *)" is incompatible with parameter of type "TaskFunction_t"
main.c(202): warning:  #167-D: argument of type "void (*)(char *)" is incompatible with parameter of type "TaskFunction_t"
main.c(203): warning:  #167-D: argument of type "void (*)(char *)" is incompatible with parameter of type "TaskFunction_t"
Target not created
Build target 'Target 1'
compiling main.c...
main.c(178): error:  #20: identifier "rxptr" is undefined
main.c(200): warning:  #167-D: argument of type "void (*)(char *)" is incompatible with parameter of type "TaskFunction_t"
main.c(201): warning:  #167-D: argument of type "void (*)(char *)" is incompatible with parameter of type "TaskFunction_t"
main.c(202): warning:  #167-D: argument of type "void (*)(char *)" is incompatible with parameter of type "TaskFunction_t"
main.c(203): warning:  #167-D: argument of type "void (*)(char *)" is incompatible with parameter of type "TaskFunction_t"
Target not created
Build target 'Target 1'
compiling main.c...
main.c(205): warning:  #167-D: argument of type "void (*)(char *)" is incompatible with parameter of type "TaskFunction_t"
main.c(206): warning:  #167-D: argument of type "void (*)(char *)" is incompatible with parameter of type "TaskFunction_t"
main.c(207): warning:  #167-D: argument of type "void (*)(char *)" is incompatible with parameter of type "TaskFunction_t"
main.c(208): warning:  #167-D: argument of type "void (*)(char *)" is incompatible with parameter of type "TaskFunction_t"
linking...
Program Size: Code=13516 RO-data=120 RW-data=116 ZI-data=15276  
FromELF: creating hex file...
"Q.axf" - 0 Error(s), 4 Warning(s).
Build target 'Target 1'
compiling main.c...
main.c(205): warning:  #167-D: argument of type "void (*)(char *)" is incompatible with parameter of type "TaskFunction_t"
main.c(206): warning:  #167-D: argument of type "void (*)(char *)" is incompatible with parameter of type "TaskFunction_t"
main.c(207): warning:  #167-D: argument of type "void (*)(char *)" is incompatible with parameter of type "TaskFunction_t"
main.c(208): warning:  #167-D: argument of type "void (*)(char *)" is incompatible with parameter of type "TaskFunction_t"
linking...
Program Size: Code=13492 RO-data=120 RW-data=116 ZI-data=15276  
FromELF: creating hex file...
"Q.axf" - 0 Error(s), 4 Warning(s).
Build target 'Target 1'
compiling main.c...
main.c(203): warning:  #167-D: argument of type "void (*)(char *)" is incompatible with parameter of type "TaskFunction_t"
main.c(204): warning:  #167-D: argument of type "void (*)(char *)" is incompatible with parameter of type "TaskFunction_t"
main.c(205): warning:  #167-D: argument of type "void (*)(char *)" is incompatible with parameter of type "TaskFunction_t"
main.c(206): warning:  #167-D: argument of type "void (*)(char *)" is incompatible with parameter of type "TaskFunction_t"
linking...
Program Size: Code=13492 RO-data=120 RW-data=116 ZI-data=15276  
FromELF: creating hex file...
"Q.axf" - 0 Error(s), 4 Warning(s).
