<html>
<body>
<pre>
<h1>µVision Build Log</h1>
<h2>Project:</h2>
C:\Users\SUMAKAR\Documents\RtOs\Semaphore_counting\Counting.uvproj
Project File Date:  06/24/2016

<h2>Output:</h2>
Build target 'Target 1'
compiling main.c...
linking...
Program Size: Code=14428 RO-data=32 RW-data=100 ZI-data=15300  
FromELF: creating hex file...
"Counting.axf" - 0 Error(s), 0 Warning(s).
Build target 'Target 1'
compiling main.c...
linking...
Program Size: Code=14388 RO-data=32 RW-data=100 ZI-data=15300  
FromELF: creating hex file...
"Counting.axf" - 0 Error(s), 0 Warning(s).
Build target 'Target 1'
compiling main.c...
linking...
Program Size: Code=14056 RO-data=32 RW-data=100 ZI-data=15300  
FromELF: creating hex file...
"Counting.axf" - 0 Error(s), 0 Warning(s).
Build target 'Target 1'
compiling main.c...
assembling Startup.s...
compiling tasks.c...
compiling list.c...
compiling queue.c...
compiling port.c...
assembling portASM.s...
compiling LCD.c...
compiling heap_2.c...
linking...
Program Size: Code=14096 RO-data=32 RW-data=100 ZI-data=15300  
FromELF: creating hex file...
"Counting.axf" - 0 Error(s), 0 Warning(s).
Build target 'Target 1'
compiling main.c...
linking...
Program Size: Code=14436 RO-data=32 RW-data=100 ZI-data=15300  
FromELF: creating hex file...
"Counting.axf" - 0 Error(s), 0 Warning(s).
