<html>
<body>
<pre>
<h1>µVision Build Log</h1>
<h2>Project:</h2>
C:\Users\G50\Desktop\PROJECT\Collision_Avoidance_RTOS\RTOSCruisecontrol.uvproj
Project File Date:  07/15/2016

<h2>Output:</h2>
Build target 'Target 1'
assembling Startup.s...
compiling tasks.c...
compiling queue.c...
compiling list.c...
compiling port.c...
assembling portASM.s...
compiling heap_2.c...
compiling main.c...
main.c(803): warning:  #1-D: last line of file ends without a newline
compiling spi.c...
..\..\Fire Bird V LPC2148 2013-05-05\Expirements\14A_GUI_Control_Serial\spi.c(22): warning:  #550-D: variable "Dummy" was set but never used
..\..\Fire Bird V LPC2148 2013-05-05\Expirements\14A_GUI_Control_Serial\spi.c(47): warning:  #550-D: variable "Dummy" was set but never used
..\..\Fire Bird V LPC2148 2013-05-05\Expirements\14A_GUI_Control_Serial\spi.c(95): warning:  #550-D: variable "Dummy" was set but never used
compiling Lcd.c...
linking...
Program Size: Code=15456 RO-data=32 RW-data=156 ZI-data=15308  
FromELF: creating hex file...
"RTOSCruisecontrol.axf" - 0 Error(s), 4 Warning(s).
Build target 'Target 1'
assembling Startup.s...
compiling tasks.c...
compiling queue.c...
compiling list.c...
compiling port.c...
assembling portASM.s...
compiling heap_2.c...
compiling main.c...
main.c(803): warning:  #1-D: last line of file ends without a newline
compiling spi.c...
..\..\Fire Bird V LPC2148 2013-05-05\Expirements\14A_GUI_Control_Serial\spi.c(22): warning:  #550-D: variable "Dummy" was set but never used
..\..\Fire Bird V LPC2148 2013-05-05\Expirements\14A_GUI_Control_Serial\spi.c(47): warning:  #550-D: variable "Dummy" was set but never used
..\..\Fire Bird V LPC2148 2013-05-05\Expirements\14A_GUI_Control_Serial\spi.c(95): warning:  #550-D: variable "Dummy" was set but never used
compiling Lcd.c...
linking...
Program Size: Code=15456 RO-data=32 RW-data=156 ZI-data=15308  
FromELF: creating hex file...
"RTOSCruisecontrol.axf" - 0 Error(s), 4 Warning(s).
Build target 'Target 1'
assembling Startup.s...
compiling tasks.c...
compiling queue.c...
compiling list.c...
compiling port.c...
assembling portASM.s...
compiling heap_2.c...
compiling main.c...
main.c(803): warning:  #1-D: last line of file ends without a newline
compiling spi.c...
..\..\Fire Bird V LPC2148 2013-05-05\Expirements\14A_GUI_Control_Serial\spi.c(22): warning:  #550-D: variable "Dummy" was set but never used
..\..\Fire Bird V LPC2148 2013-05-05\Expirements\14A_GUI_Control_Serial\spi.c(47): warning:  #550-D: variable "Dummy" was set but never used
..\..\Fire Bird V LPC2148 2013-05-05\Expirements\14A_GUI_Control_Serial\spi.c(95): warning:  #550-D: variable "Dummy" was set but never used
compiling Lcd.c...
linking...
Program Size: Code=15456 RO-data=32 RW-data=156 ZI-data=15308  
FromELF: creating hex file...
"RTOSCruisecontrol.axf" - 0 Error(s), 4 Warning(s).
Build target 'Target 1'
assembling Startup.s...
compiling tasks.c...
compiling queue.c...
compiling list.c...
compiling port.c...
assembling portASM.s...
compiling heap_2.c...
compiling main.c...
main.c(803): warning:  #1-D: last line of file ends without a newline
compiling spi.c...
..\..\Fire Bird V LPC2148 2013-05-05\Expirements\14A_GUI_Control_Serial\spi.c(22): warning:  #550-D: variable "Dummy" was set but never used
..\..\Fire Bird V LPC2148 2013-05-05\Expirements\14A_GUI_Control_Serial\spi.c(47): warning:  #550-D: variable "Dummy" was set but never used
..\..\Fire Bird V LPC2148 2013-05-05\Expirements\14A_GUI_Control_Serial\spi.c(95): warning:  #550-D: variable "Dummy" was set but never used
compiling Lcd.c...
linking...
Program Size: Code=15440 RO-data=32 RW-data=156 ZI-data=15308  
FromELF: creating hex file...
"RTOSCruisecontrol.axf" - 0 Error(s), 4 Warning(s).
