<html>
<body>
<pre>
<h1>µVision Build Log</h1>
<h2>Project:</h2>
C:\Users\G50\Desktop\PROJECT\Collision_Avoidance_RTOS\RTOSCruisecontrol.uvproj
Project File Date:  07/15/2016

<h2>Output:</h2>
Build target 'Target 1'
assembling Startup.s...
compiling tasks.c...
compiling queue.c...
compiling list.c...
compiling port.c...
assembling portASM.s...
compiling heap_2.c...
compiling main.c...
main.c(803): warning:  #1-D: last line of file ends without a newline
compiling spi.c...
..\..\Fire Bird V LPC2148 2013-05-05\Expirements\14A_GUI_Control_Serial\spi.c(22): warning:  #550-D: variable "Dummy" was set but never used
..\..\Fire Bird V LPC2148 2013-05-05\Expirements\14A_GUI_Control_Serial\spi.c(47): warning:  #550-D: variable "Dummy" was set but never used
..\..\Fire Bird V LPC2148 2013-05-05\Expirements\14A_GUI_Control_Serial\spi.c(95): warning:  #550-D: variable "Dummy" was set but never used
compiling Lcd.c...
linking...
Program Size: Code=15456 RO-data=32 RW-data=156 ZI-data=15308  
FromELF: creating hex file...
"RTOSCruisecontrol.axf" - 0 Error(s), 4 Warning(s).
Build target 'Target 1'
assembling Startup.s...
compiling tasks.c...
compiling queue.c...
compiling list.c...
compiling port.c...
assembling portASM.s...
compiling heap_2.c...
compiling main.c...
main.c(803): warning:  #1-D: last line of file ends without a newline
compiling spi.c...
..\..\Fire Bird V LPC2148 2013-05-05\Expirements\14A_GUI_Control_Serial\spi.c(22): warning:  #550-D: variable "Dummy" was set but never used
..\..\Fire Bird V LPC2148 2013-05-05\Expirements\14A_GUI_Control_Serial\spi.c(47): warning:  #550-D: variable "Dummy" was set but never used
..\..\Fire Bird V LPC2148 2013-05-05\Expirements\14A_GUI_Control_Serial\spi.c(95): warning:  #550-D: variable "Dummy" was set but never used
compiling Lcd.c...
linking...
Program Size: Code=15456 RO-data=32 RW-data=156 ZI-data=15308  
FromELF: creating hex file...
"RTOSCruisecontrol.axf" - 0 Error(s), 4 Warning(s).
Build target 'Target 1'
assembling Startup.s...
compiling tasks.c...
compiling queue.c...
compiling list.c...
compiling port.c...
assembling portASM.s...
compiling heap_2.c...
compiling main.c...
main.c(803): warning:  #1-D: last line of file ends without a newline
compiling spi.c...
..\..\Fire Bird V LPC2148 2013-05-05\Expirements\14A_GUI_Control_Serial\spi.c(22): warning:  #550-D: variable "Dummy" was set but never used
..\..\Fire Bird V LPC2148 2013-05-05\Expirements\14A_GUI_Control_Serial\spi.c(47): warning:  #550-D: variable "Dummy" was set but never used
..\..\Fire Bird V LPC2148 2013-05-05\Expirements\14A_GUI_Control_Serial\spi.c(95): warning:  #550-D: variable "Dummy" was set but never used
compiling Lcd.c...
linking...
Program Size: Code=15456 RO-data=32 RW-data=156 ZI-data=15308  
FromELF: creating hex file...
"RTOSCruisecontrol.axf" - 0 Error(s), 4 Warning(s).
Build target 'Target 1'
assembling Startup.s...
compiling tasks.c...
compiling queue.c...
compiling list.c...
compiling port.c...
assembling portASM.s...
compiling heap_2.c...
compiling main.c...
main.c(803): warning:  #1-D: last line of file ends without a newline
compiling spi.c...
..\..\Fire Bird V LPC2148 2013-05-05\Expirements\14A_GUI_Control_Serial\spi.c(22): warning:  #550-D: variable "Dummy" was set but never used
..\..\Fire Bird V LPC2148 2013-05-05\Expirements\14A_GUI_Control_Serial\spi.c(47): warning:  #550-D: variable "Dummy" was set but never used
..\..\Fire Bird V LPC2148 2013-05-05\Expirements\14A_GUI_Control_Serial\spi.c(95): warning:  #550-D: variable "Dummy" was set but never used
compiling Lcd.c...
linking...
Program Size: Code=15440 RO-data=32 RW-data=156 ZI-data=15308  
FromELF: creating hex file...
"RTOSCruisecontrol.axf" - 0 Error(s), 4 Warning(s).
Build target 'Target 1'
compiling main.c...
main.c(57): error:  #147: declaration is incompatible with "unsigned char sen_dat[17]" (declared at line 17)
main.c(730): warning:  #223-D: function "UART1_SendStr" declared implicitly
main.c(731): warning:  #223-D: function "UART1_SendByte" declared implicitly
main.c(750): warning:  #175-D: subscript out of range
main.c(751): warning:  #175-D: subscript out of range
main.c(752): warning:  #175-D: subscript out of range
main.c(753): warning:  #175-D: subscript out of range
main.c(754): warning:  #175-D: subscript out of range
main.c(755): warning:  #175-D: subscript out of range
main.c(756): warning:  #175-D: subscript out of range
main.c(779): warning:  #223-D: function "Init_UART1" declared implicitly
main.c(843): warning:  #1-D: last line of file ends without a newline
Target not created
Build target 'Target 1'
assembling Startup.s...
compiling tasks.c...
compiling queue.c...
compiling list.c...
compiling port.c...
assembling portASM.s...
compiling heap_2.c...
compiling main.c...
uart.h(124): warning:  #1-D: last line of file ends without a newline
main.c(58): error:  #147: declaration is incompatible with "unsigned char sen_dat[17]" (declared at line 18)
main.c(751): warning:  #175-D: subscript out of range
main.c(752): warning:  #175-D: subscript out of range
main.c(753): warning:  #175-D: subscript out of range
main.c(754): warning:  #175-D: subscript out of range
main.c(755): warning:  #175-D: subscript out of range
main.c(756): warning:  #175-D: subscript out of range
main.c(757): warning:  #175-D: subscript out of range
main.c(844): warning:  #1-D: last line of file ends without a newline
compiling spi.c...
..\..\Fire Bird V LPC2148 2013-05-05\Expirements\14A_GUI_Control_Serial\spi.c(22): warning:  #550-D: variable "Dummy" was set but never used
..\..\Fire Bird V LPC2148 2013-05-05\Expirements\14A_GUI_Control_Serial\spi.c(47): warning:  #550-D: variable "Dummy" was set but never used
..\..\Fire Bird V LPC2148 2013-05-05\Expirements\14A_GUI_Control_Serial\spi.c(95): warning:  #550-D: variable "Dummy" was set but never used
compiling Lcd.c...
Target not created
Build target 'Target 1'
assembling Startup.s...
compiling tasks.c...
compiling queue.c...
compiling list.c...
compiling port.c...
assembling portASM.s...
compiling heap_2.c...
compiling main.c...
uart.h(124): warning:  #1-D: last line of file ends without a newline
main.c(844): warning:  #1-D: last line of file ends without a newline
compiling spi.c...
..\..\Fire Bird V LPC2148 2013-05-05\Expirements\14A_GUI_Control_Serial\spi.c(22): warning:  #550-D: variable "Dummy" was set but never used
..\..\Fire Bird V LPC2148 2013-05-05\Expirements\14A_GUI_Control_Serial\spi.c(47): warning:  #550-D: variable "Dummy" was set but never used
..\..\Fire Bird V LPC2148 2013-05-05\Expirements\14A_GUI_Control_Serial\spi.c(95): warning:  #550-D: variable "Dummy" was set but never used
compiling Lcd.c...
linking...
Program Size: Code=16388 RO-data=32 RW-data=164 ZI-data=15332  
FromELF: creating hex file...
"RTOSCruisecontrol.axf" - 0 Error(s), 5 Warning(s).
Build target 'Target 1'
assembling Startup.s...
compiling tasks.c...
compiling queue.c...
compiling list.c...
compiling port.c...
assembling portASM.s...
compiling heap_2.c...
compiling main.c...
uart.h(124): warning:  #1-D: last line of file ends without a newline
compiling spi.c...
..\..\Fire Bird V LPC2148 2013-05-05\Expirements\14A_GUI_Control_Serial\spi.c(22): warning:  #550-D: variable "Dummy" was set but never used
..\..\Fire Bird V LPC2148 2013-05-05\Expirements\14A_GUI_Control_Serial\spi.c(47): warning:  #550-D: variable "Dummy" was set but never used
..\..\Fire Bird V LPC2148 2013-05-05\Expirements\14A_GUI_Control_Serial\spi.c(95): warning:  #550-D: variable "Dummy" was set but never used
compiling Lcd.c...
linking...
Program Size: Code=16388 RO-data=32 RW-data=164 ZI-data=15332  
FromELF: creating hex file...
"RTOSCruisecontrol.axf" - 0 Error(s), 4 Warning(s).
Build target 'Target 1'
assembling Startup.s...
compiling tasks.c...
compiling queue.c...
compiling list.c...
compiling port.c...
assembling portASM.s...
compiling heap_2.c...
compiling main.c...
compiling spi.c...
..\..\Fire Bird V LPC2148 2013-05-05\Expirements\14A_GUI_Control_Serial\spi.c(22): warning:  #550-D: variable "Dummy" was set but never used
..\..\Fire Bird V LPC2148 2013-05-05\Expirements\14A_GUI_Control_Serial\spi.c(47): warning:  #550-D: variable "Dummy" was set but never used
..\..\Fire Bird V LPC2148 2013-05-05\Expirements\14A_GUI_Control_Serial\spi.c(95): warning:  #550-D: variable "Dummy" was set but never used
compiling Lcd.c...
linking...
Program Size: Code=16388 RO-data=32 RW-data=164 ZI-data=15332  
FromELF: creating hex file...
"RTOSCruisecontrol.axf" - 0 Error(s), 3 Warning(s).
Build target 'Target 1'
assembling Startup.s...
compiling tasks.c...
compiling queue.c...
compiling list.c...
compiling port.c...
assembling portASM.s...
compiling heap_2.c...
compiling main.c...
compiling spi.c...
..\..\Fire Bird V LPC2148 2013-05-05\Expirements\14A_GUI_Control_Serial\spi.c(22): warning:  #550-D: variable "Dummy" was set but never used
..\..\Fire Bird V LPC2148 2013-05-05\Expirements\14A_GUI_Control_Serial\spi.c(47): warning:  #550-D: variable "Dummy" was set but never used
..\..\Fire Bird V LPC2148 2013-05-05\Expirements\14A_GUI_Control_Serial\spi.c(95): warning:  #550-D: variable "Dummy" was set but never used
compiling Lcd.c...
linking...
Program Size: Code=16388 RO-data=32 RW-data=164 ZI-data=15332  
FromELF: creating hex file...
"RTOSCruisecontrol.axf" - 0 Error(s), 3 Warning(s).
Build target 'Target 1'
assembling Startup.s...
compiling tasks.c...
compiling queue.c...
compiling list.c...
compiling port.c...
assembling portASM.s...
compiling heap_2.c...
compiling main.c...
compiling spi.c...
..\..\Fire Bird V LPC2148 2013-05-05\Expirements\14A_GUI_Control_Serial\spi.c(22): warning:  #550-D: variable "Dummy" was set but never used
..\..\Fire Bird V LPC2148 2013-05-05\Expirements\14A_GUI_Control_Serial\spi.c(47): warning:  #550-D: variable "Dummy" was set but never used
..\..\Fire Bird V LPC2148 2013-05-05\Expirements\14A_GUI_Control_Serial\spi.c(95): warning:  #550-D: variable "Dummy" was set but never used
compiling Lcd.c...
linking...
Program Size: Code=16388 RO-data=32 RW-data=164 ZI-data=15332  
FromELF: creating hex file...
"RTOSCruisecontrol.axf" - 0 Error(s), 3 Warning(s).
