<html>
<body>
<pre>
<h1>µVision Build Log</h1>
<h2>Project:</h2>
C:\Users\SUMAKAR\Documents\RtOs\fipi\GUI_Control_Serial.uvproj
Project File Date:  07/21/2016

<h2>Output:</h2>
Build target 'Target 1'
assembling Startup.s...
compiling adc.c...
compiling Lcd.c...
compiling main.c...
main.c(519): warning:  #9-D: nested comment is not allowed
compiling motion_control.c...
compiling pwm.c...
compiling spi.c...
spi.c(22): warning:  #550-D: variable "Dummy" was set but never used
spi.c(47): warning:  #550-D: variable "Dummy" was set but never used
spi.c(95): warning:  #550-D: variable "Dummy" was set but never used
linking...
Program Size: Code=17320 RO-data=176 RW-data=84 ZI-data=1260  
FromELF: creating hex file...
User command #1: fromelf --bin .\GUI_Control_Serial.axf -o .\GUI_Control_Serial.bin
"GUI_Control_Serial.axf" - 0 Error(s), 4 Warning(s).
Build target 'Target 1'
assembling Startup.s...
compiling adc.c...
compiling Lcd.c...
compiling main.c...
main.c(519): warning:  #9-D: nested comment is not allowed
compiling motion_control.c...
compiling pwm.c...
compiling spi.c...
spi.c(22): warning:  #550-D: variable "Dummy" was set but never used
spi.c(47): warning:  #550-D: variable "Dummy" was set but never used
spi.c(95): warning:  #550-D: variable "Dummy" was set but never used
linking...
Program Size: Code=17320 RO-data=176 RW-data=84 ZI-data=1260  
FromELF: creating hex file...
User command #1: fromelf --bin .\GUI_Control_Serial.axf -o .\GUI_Control_Serial.bin
"GUI_Control_Serial.axf" - 0 Error(s), 4 Warning(s).
Build target 'Target 1'
assembling Startup.s...
compiling adc.c...
compiling Lcd.c...
compiling main.c...
main.c(193): error:  #127: expected a statement
main.c(519): warning:  #9-D: nested comment is not allowed
compiling motion_control.c...
compiling pwm.c...
compiling spi.c...
spi.c(22): warning:  #550-D: variable "Dummy" was set but never used
spi.c(47): warning:  #550-D: variable "Dummy" was set but never used
spi.c(95): warning:  #550-D: variable "Dummy" was set but never used
Target not created
Build target 'Target 1'
assembling Startup.s...
compiling adc.c...
compiling Lcd.c...
compiling main.c...
main.c(193): error:  #127: expected a statement
main.c(519): warning:  #9-D: nested comment is not allowed
compiling motion_control.c...
compiling pwm.c...
compiling spi.c...
spi.c(22): warning:  #550-D: variable "Dummy" was set but never used
spi.c(47): warning:  #550-D: variable "Dummy" was set but never used
spi.c(95): warning:  #550-D: variable "Dummy" was set but never used
Target not created
Build target 'Target 1'
assembling Startup.s...
compiling adc.c...
compiling Lcd.c...
compiling main.c...
main.c(517): warning:  #9-D: nested comment is not allowed
compiling motion_control.c...
compiling pwm.c...
compiling spi.c...
spi.c(22): warning:  #550-D: variable "Dummy" was set but never used
spi.c(47): warning:  #550-D: variable "Dummy" was set but never used
spi.c(95): warning:  #550-D: variable "Dummy" was set but never used
linking...
Program Size: Code=17680 RO-data=176 RW-data=84 ZI-data=1284  
FromELF: creating hex file...
User command #1: fromelf --bin .\GUI_Control_Serial.axf -o .\GUI_Control_Serial.bin
"GUI_Control_Serial.axf" - 0 Error(s), 4 Warning(s).
Build target 'Target 1'
assembling Startup.s...
compiling adc.c...
compiling Lcd.c...
compiling main.c...
main.c(517): warning:  #9-D: nested comment is not allowed
compiling motion_control.c...
compiling pwm.c...
compiling spi.c...
spi.c(22): warning:  #550-D: variable "Dummy" was set but never used
spi.c(47): warning:  #550-D: variable "Dummy" was set but never used
spi.c(95): warning:  #550-D: variable "Dummy" was set but never used
linking...
Program Size: Code=17680 RO-data=176 RW-data=60 ZI-data=1308  
FromELF: creating hex file...
User command #1: fromelf --bin .\GUI_Control_Serial.axf -o .\GUI_Control_Serial.bin
"GUI_Control_Serial.axf" - 0 Error(s), 4 Warning(s).
